Archive member included to satisfy reference by file (symbol)

app/libapp.a(main.cpp.obj)    (--whole-archive)
app/libapp.a(buildin-led.cpp.obj)
                              (--whole-archive)
app/libapp.a(status_codes.cpp.obj)
                              (--whole-archive)
app/libapp.a(battery.cpp.obj)
                              (--whole-archive)
zephyr/libzephyr.a(cbprintf.c.obj)
                              (--whole-archive)
zephyr/libzephyr.a(cbprintf_packaged.c.obj)
                              (--whole-archive)
zephyr/libzephyr.a(crc32c_sw.c.obj)
                              (--whole-archive)
zephyr/libzephyr.a(crc32_sw.c.obj)
                              (--whole-archive)
zephyr/libzephyr.a(crc16_sw.c.obj)
                              (--whole-archive)
zephyr/libzephyr.a(crc8_sw.c.obj)
                              (--whole-archive)
zephyr/libzephyr.a(crc7_sw.c.obj)
                              (--whole-archive)
zephyr/libzephyr.a(dec.c.obj)
                              (--whole-archive)
zephyr/libzephyr.a(fdtable.c.obj)
                              (--whole-archive)
zephyr/libzephyr.a(hex.c.obj)
                              (--whole-archive)
zephyr/libzephyr.a(notify.c.obj)
                              (--whole-archive)
zephyr/libzephyr.a(printk.c.obj)
                              (--whole-archive)
zephyr/libzephyr.a(onoff.c.obj)
                              (--whole-archive)
zephyr/libzephyr.a(rb.c.obj)  (--whole-archive)
zephyr/libzephyr.a(sem.c.obj)
                              (--whole-archive)
zephyr/libzephyr.a(thread_entry.c.obj)
                              (--whole-archive)
zephyr/libzephyr.a(timeutil.c.obj)
                              (--whole-archive)
zephyr/libzephyr.a(heap.c.obj)
                              (--whole-archive)
zephyr/libzephyr.a(heap-validate.c.obj)
                              (--whole-archive)
zephyr/libzephyr.a(bitarray.c.obj)
                              (--whole-archive)
zephyr/libzephyr.a(multi_heap.c.obj)
                              (--whole-archive)
zephyr/libzephyr.a(cbprintf_complete.c.obj)
                              (--whole-archive)
zephyr/libzephyr.a(assert.c.obj)
                              (--whole-archive)
zephyr/libzephyr.a(mpsc_pbuf.c.obj)
                              (--whole-archive)
zephyr/libzephyr.a(reboot.c.obj)
                              (--whole-archive)
zephyr/libzephyr.a(configs.c.obj)
                              (--whole-archive)
zephyr/libzephyr.a(soc_nrf_common.S.obj)
                              (--whole-archive)
zephyr/libzephyr.a(validate_base_addresses.c.obj)
                              (--whole-archive)
zephyr/libzephyr.a(validate_enabled_instances.c.obj)
                              (--whole-archive)
zephyr/libzephyr.a(log_list.c.obj)
                              (--whole-archive)
zephyr/libzephyr.a(log_core.c.obj)
                              (--whole-archive)
zephyr/libzephyr.a(log_mgmt.c.obj)
                              (--whole-archive)
zephyr/libzephyr.a(log_msg.c.obj)
                              (--whole-archive)
zephyr/libzephyr.a(log_output.c.obj)
                              (--whole-archive)
zephyr/libzephyr.a(log_msg2.c.obj)
                              (--whole-archive)
zephyr/libzephyr.a(log_backend_rtt.c.obj)
                              (--whole-archive)
zephyr/libzephyr.a(cpp_init.c.obj)
                              (--whole-archive)
zephyr/libzephyr.a(cpp_init_array.c.obj)
                              (--whole-archive)
zephyr/libzephyr.a(cpp_ctors.c.obj)
                              (--whole-archive)
zephyr/libzephyr.a(cpp_dtors.c.obj)
                              (--whole-archive)
zephyr/libzephyr.a(disk_access.c.obj)
                              (--whole-archive)
zephyr/libzephyr.a(pm.c.obj)  (--whole-archive)
zephyr/libzephyr.a(policy.c.obj)
                              (--whole-archive)
zephyr/libzephyr.a(state.c.obj)
                              (--whole-archive)
zephyr/libzephyr.a(tracing_none.c.obj)
                              (--whole-archive)
zephyr/libzephyr.a(nrf_cc3xx_platform_abort_zephyr.c.obj)
                              (--whole-archive)
zephyr/libzephyr.a(nrf_cc3xx_platform_mutex_zephyr.c.obj)
                              (--whole-archive)
zephyr/arch/common/libarch__common.a(sw_isr_common.c.obj)
                              (--whole-archive)
zephyr/arch/arch/arm/core/aarch32/libarch__arm__core__aarch32.a(cpu_idle.S.obj)
                              (--whole-archive)
zephyr/arch/arch/arm/core/aarch32/libarch__arm__core__aarch32.a(fatal.c.obj)
                              (--whole-archive)
zephyr/arch/arch/arm/core/aarch32/libarch__arm__core__aarch32.a(irq_manage.c.obj)
                              (--whole-archive)
zephyr/arch/arch/arm/core/aarch32/libarch__arm__core__aarch32.a(nmi.c.obj)
                              (--whole-archive)
zephyr/arch/arch/arm/core/aarch32/libarch__arm__core__aarch32.a(nmi_on_reset.S.obj)
[...]
Memory Configuration

Name             Origin             Length             Attributes
FLASH            0x0000000000000000 0x0000000000100000 xr
SRAM             0x0000000020000000 0x0000000000040000 xw
IDT_LIST         0x00000000fffff7ff 0x0000000000000800 xw
*default*        0x0000000000000000 0xffffffffffffffff

Linker script and memory map

LOAD zephyr/CMakeFiles/zephyr_final.dir/misc/empty_file.c.obj
LOAD zephyr/CMakeFiles/zephyr_final.dir/dev_handles.c.obj
LOAD zephyr/CMakeFiles/zephyr_final.dir/isr_tables.c.obj
                0x0000000000000020                _region_min_align = 0x20

.rel.plt        0x0000000000000000        0x0
 *(SORT_BY_ALIGNMENT(.rel.plt))
                [!provide]                        PROVIDE (__rel_iplt_start = .)
 *(SORT_BY_ALIGNMENT(.rel.iplt))
 .rel.iplt      0x0000000000000000        0x0 zephyr/CMakeFiles/zephyr_final.dir/isr_tables.c.obj
                [!provide]                        PROVIDE (__rel_iplt_end = .)

.rela.plt       0x0000000000000000        0x0
 *(SORT_BY_ALIGNMENT(.rela.plt))
                [!provide]                        PROVIDE (__rela_iplt_start = .)
 *(SORT_BY_ALIGNMENT(.rela.iplt))
                [!provide]                        PROVIDE (__rela_iplt_end = .)

.rel.dyn
 *(SORT_BY_ALIGNMENT(.rel.*))

.rela.dyn
 *(SORT_BY_ALIGNMENT(.rela.*))

/DISCARD/
 *(SORT_BY_ALIGNMENT(.plt))
 *(SORT_BY_ALIGNMENT(.iplt))
 *(SORT_BY_ALIGNMENT(.got.plt))
 *(SORT_BY_ALIGNMENT(.igot.plt))
 *(SORT_BY_ALIGNMENT(.got))
 *(SORT_BY_ALIGNMENT(.igot))
 *(SORT_BY_ALIGNMENT(.irq_info*))
 *(SORT_BY_ALIGNMENT(.intList*))
 *(SORT_BY_ALIGNMENT(.note.GNU-stack))
                0x0000000000000000                __rom_region_start = 0x0

rom_start       0x0000000000000000      0x100
                0x0000000000000000                . = 0x0
                0x0000000000000000                . = ALIGN (0x4)
                0x0000000000000000                . = ALIGN (0x80)
                0x0000000000000000                . = ALIGN (0x100)
                0x0000000000000000                _vector_start = .
 *(SORT_BY_ALIGNMENT(.exc_vector_table))
 *(SORT_BY_ALIGNMENT(.exc_vector_table.*))
 .exc_vector_table._vector_table_section
                0x0000000000000000       0x40 zephyr/arch/arch/arm/core/aarch32/cortex_m/libarch__arm__core__aarch32__cortex_m.a(vector_table.S.obj)
                0x0000000000000000                _vector_table
 *(SORT_BY_ALIGNMENT(.gnu.linkonce.irq_vector_table*))
 .gnu.linkonce.irq_vector_table
                0x0000000000000040       0xc0 zephyr/CMakeFiles/zephyr_final.dir/isr_tables.c.obj
                0x0000000000000040                _irq_vector_table
 *(SORT_BY_ALIGNMENT(.vectors))
                0x0000000000000100                _vector_end = .

text            0x0000000000000100     0x70c0
                0x0000000000000100                __text_region_start = .
 *(SORT_BY_ALIGNMENT(.text))
 .text          0x0000000000000100       0x30 /home/stan/ncs/toolchains/v2.0.0/opt/zephyr-sdk/arm-zephyr-eabi/bin/../lib/gcc/arm-zephyr-eabi/10.3.0/thumb/v7e-m/nofp/libgcc.a(_aeabi_uldivmod.o)
                0x0000000000000100                __aeabi_uldivmod
 .text          0x0000000000000130        0x4 /home/stan/ncs/toolchains/v2.0.0/opt/zephyr-sdk/arm-zephyr-eabi/bin/../lib/gcc/arm-zephyr-eabi/10.3.0/thumb/v7e-m/nofp/libgcc.a(_dvmd_tls.o)
                0x0000000000000130                __aeabi_ldiv0
                0x0000000000000130                __aeabi_idiv0
 .text          0x0000000000000134      0x2a6 /home/stan/ncs/toolchains/v2.0.0/opt/zephyr-sdk/arm-zephyr-eabi/bin/../lib/gcc/arm-zephyr-eabi/10.3.0/thumb/v7e-m/nofp/libgcc.a(_udivmoddi4.o)
                0x0000000000000134                __udivmoddi4
 .text          0x00000000000003da       0x14 /home/stan/ncs/toolchains/v2.0.0/opt/zephyr-sdk/arm-zephyr-eabi/arm-zephyr-eabi/lib/thumb/v7e-m/nofp/libc_nano.a(lib_a-strcmp.o)
                0x00000000000003da                strcmp
 .text          0x00000000000003ee       0x10 /home/stan/ncs/toolchains/v2.0.0/opt/zephyr-sdk/arm-zephyr-eabi/arm-zephyr-eabi/lib/thumb/v7e-m/nofp/libc_nano.a(lib_a-strlen.o)
                0x00000000000003ee                strlen
 *(SORT_BY_ALIGNMENT(.text.*))
 *fill*         0x00000000000003fe        0x2 
 .text.main     0x0000000000000400       0x34 app/libapp.a(main.cpp.obj)
                0x0000000000000400                main
 .text._Z16buildin_led_initv
                0x0000000000000434       0x34 app/libapp.a(buildin-led.cpp.obj)
                0x0000000000000434                buildin_led_init()
 .text._Z18buildin_led_togglev
                0x0000000000000468       0x3c app/libapp.a(buildin-led.cpp.obj)
                0x0000000000000468                buildin_led_toggle()
 .text._ZL13battery_setupPK6device
                0x00000000000004a4      0x124 app/libapp.a(battery.cpp.obj)
 .text.cbvprintf_package
                0x00000000000005c8      0x46c zephyr/libzephyr.a(cbprintf_packaged.c.obj)
                0x00000000000005c8                cbvprintf_package
 .text.cbprintf_package_copy
                0x0000000000000a34      0x298 zephyr/libzephyr.a(cbprintf_packaged.c.obj)
                0x0000000000000a34                cbprintf_package_copy
 .text.__printk_hook_install
                0x0000000000000ccc        0xc zephyr/libzephyr.a(printk.c.obj)
                0x0000000000000ccc                __printk_hook_install
 .text.vsnprintk
                0x0000000000000cd8       0x28 zephyr/libzephyr.a(printk.c.obj)
                0x0000000000000cd8                vsnprintk
 .text.process_event
                0x0000000000000d00      0x1c0 zephyr/libzephyr.a(onoff.c.obj)
 .text.extract_decimal
                0x0000000000000ec0       0x28 zephyr/libzephyr.a(cbprintf_complete.c.obj)
 .text.encode_uint
                0x0000000000000ee8       0x98 zephyr/libzephyr.a(cbprintf_complete.c.obj)
 .text.cbvprintf
                0x0000000000000f80      0x734 zephyr/libzephyr.a(cbprintf_complete.c.obj)
                0x0000000000000f80                cbvprintf
 .text.sys_reboot
                0x00000000000016b4       0x28 zephyr/libzephyr.a(reboot.c.obj)
                0x00000000000016b4                sys_reboot
 .text.enable_logger
                0x00000000000016dc       0x5c zephyr/libzephyr.a(log_core.c.obj)
 .text.log_process_thread_timer_expiry_fn
                0x0000000000001738        0xc zephyr/libzephyr.a(log_core.c.obj)
 .text.log_format_func_t_get
                0x0000000000001744        0xc zephyr/libzephyr.a(log_core.c.obj)
                0x0000000000001744                log_format_func_t_get
 .text.log_init
                0x0000000000001750       0x58 zephyr/libzephyr.a(log_core.c.obj)
                0x0000000000001750                log_init
 .text.z_log_notify_backend_enabled
                0x00000000000017a8       0x1c zephyr/libzephyr.a(log_core.c.obj)
                0x00000000000017a8                z_log_notify_backend_enabled
 .text.z_log_dropped
                0x00000000000017c4       0x3c zephyr/libzephyr.a(log_core.c.obj)
                0x00000000000017c4                z_log_dropped
 .text.z_log_dropped_read_and_clear
                0x0000000000001800       0x20 zephyr/libzephyr.a(log_core.c.obj)
                0x0000000000001800                z_log_dropped_read_and_clear
 .text.dropped_notify
                0x0000000000001820       0x38 zephyr/libzephyr.a(log_core.c.obj)
                0x0000000000001820                dropped_notify
 .text.z_log_msg2_init
                0x0000000000001858       0x10 zephyr/libzephyr.a(log_core.c.obj)
                0x0000000000001858                z_log_msg2_init
 .text.log_core_init
                0x0000000000001868       0x34 zephyr/libzephyr.a(log_core.c.obj)
                0x0000000000001868                log_core_init
 .text.z_log_msg2_alloc
                0x000000000000189c       0x10 zephyr/libzephyr.a(log_core.c.obj)
                0x000000000000189c                z_log_msg2_alloc
 .text.z_log_msg2_claim
                0x00000000000018ac        0xc zephyr/libzephyr.a(log_core.c.obj)
                0x00000000000018ac                z_log_msg2_claim
 .text.z_log_msg2_free
                0x00000000000018b8        0xc zephyr/libzephyr.a(log_core.c.obj)
                0x00000000000018b8                z_log_msg2_free
 .text.z_log_msg2_pending
                0x00000000000018c4        0xc zephyr/libzephyr.a(log_core.c.obj)
                0x00000000000018c4                z_log_msg2_pending
 .text.z_impl_log_process
                0x00000000000018d0       0x8c zephyr/libzephyr.a(log_core.c.obj)
                0x00000000000018d0                z_impl_log_process
 .text.log_process_thread_func
                0x000000000000195c       0x48 zephyr/libzephyr.a(log_core.c.obj)
 .text.z_log_msg_post_finalize
                0x00000000000019a4       0x8c zephyr/libzephyr.a(log_core.c.obj)
 .text.z_log_msg2_commit
                0x0000000000001a30       0x24 zephyr/libzephyr.a(log_core.c.obj)
                0x0000000000001a30                z_log_msg2_commit
 .text.z_impl_log_panic
                0x0000000000001a54       0x48 zephyr/libzephyr.a(log_core.c.obj)
                0x0000000000001a54                z_impl_log_panic
 .text.log_source_name_get
                0x0000000000001a9c       0x1c zephyr/libzephyr.a(log_mgmt.c.obj)
                0x0000000000001a9c                log_source_name_get
 .text.log_backend_enable
                0x0000000000001ab8       0x1c zephyr/libzephyr.a(log_mgmt.c.obj)
                0x0000000000001ab8                log_backend_enable
 .text.print_formatted
                0x0000000000001ad4       0x24 zephyr/libzephyr.a(log_output.c.obj)
 .text.hexdump_line_print
                0x0000000000001af8       0xe4 zephyr/libzephyr.a(log_output.c.obj)
 .text.prefix_print
                0x0000000000001bdc      0x148 zephyr/libzephyr.a(log_output.c.obj)
 .text.postfix_print
                0x0000000000001d24       0x3c zephyr/libzephyr.a(log_output.c.obj)
 .text.log_output_msg2_process
                0x0000000000001d60       0xc8 zephyr/libzephyr.a(log_output.c.obj)
                0x0000000000001d60                log_output_msg2_process
 .text.log_output_dropped_process
                0x0000000000001e28       0x58 zephyr/libzephyr.a(log_output.c.obj)
                0x0000000000001e28                log_output_dropped_process
 .text.log_output_timestamp_freq_set
                0x0000000000001e80       0x30 zephyr/libzephyr.a(log_output.c.obj)
                0x0000000000001e80                log_output_timestamp_freq_set
 .text.z_impl_z_log_msg2_runtime_vcreate
                0x0000000000001eb0       0x9c zephyr/libzephyr.a(log_msg2.c.obj)
                0x0000000000001eb0                z_impl_z_log_msg2_runtime_vcreate
 .text.log_backend_rtt_init
                0x0000000000001f4c        0xc zephyr/libzephyr.a(log_backend_rtt.c.obj)
 .text.format_set
                0x0000000000001f58        0xc zephyr/libzephyr.a(log_backend_rtt.c.obj)
 .text.panic    0x0000000000001f64       0x14 zephyr/libzephyr.a(log_backend_rtt.c.obj)
 .text.dropped  0x0000000000001f78        0xc zephyr/libzephyr.a(log_backend_rtt.c.obj)
 .text.process  0x0000000000001f84       0x24 zephyr/libzephyr.a(log_backend_rtt.c.obj)
 .text.on_failed_write.part.0
                0x0000000000001fa8       0x1c zephyr/libzephyr.a(log_backend_rtt.c.obj)
 .text.data_out_block_mode
                0x0000000000001fc4       0xa0 zephyr/libzephyr.a(log_backend_rtt.c.obj)
 .text.__do_init_array_aux
                0x0000000000002064       0x1c zephyr/libzephyr.a(cpp_init_array.c.obj)
                0x0000000000002064                __do_init_array_aux
 .text.__do_global_ctors_aux
                0x0000000000002080       0x1c zephyr/libzephyr.a(cpp_ctors.c.obj)
                0x0000000000002080                __do_global_ctors_aux
 .text.disk_init
                0x000000000000209c       0x1c zephyr/libzephyr.a(disk_access.c.obj)
 .text.pm_state_notify
                0x00000000000020b8       0x5c zephyr/libzephyr.a(pm.c.obj)
 .text.atomic_clear_bit.constprop.0
                0x0000000000002114       0x30 zephyr/libzephyr.a(pm.c.obj)
 .text.pm_system_resume
                0x0000000000002144       0x7c zephyr/libzephyr.a(pm.c.obj)
                0x0000000000002144                pm_system_resume
 .text.pm_system_suspend
                0x00000000000021c0       0xec zephyr/libzephyr.a(pm.c.obj)
                0x00000000000021c0                pm_system_suspend
 .text.pm_policy_state_lock_is_active
                0x00000000000022ac       0x1c zephyr/libzephyr.a(policy.c.obj)
                0x00000000000022ac                pm_policy_state_lock_is_active
 .text.pm_policy_next_state
                0x00000000000022c8       0x9c zephyr/libzephyr.a(policy.c.obj)
                0x00000000000022c8                pm_policy_next_state
 .text.pm_state_cpu_get_all
                0x0000000000002364       0x10 zephyr/libzephyr.a(state.c.obj)
                0x0000000000002364                pm_state_cpu_get_all
 .text.nrf_cc3xx_platform_abort_init
                0x0000000000002374        0xc zephyr/libzephyr.a(nrf_cc3xx_platform_abort_zephyr.c.obj)
                0x0000000000002374                nrf_cc3xx_platform_abort_init
 .text.mutex_free_platform
                0x0000000000002380       0x48 zephyr/libzephyr.a(nrf_cc3xx_platform_mutex_zephyr.c.obj)
 .text.mutex_lock_platform
                0x00000000000023c8       0x58 zephyr/libzephyr.a(nrf_cc3xx_platform_mutex_zephyr.c.obj)
 .text.mutex_unlock_platform
                0x0000000000002420       0x4c zephyr/libzephyr.a(nrf_cc3xx_platform_mutex_zephyr.c.obj)
 .text.mutex_init_platform
                0x000000000000246c       0x70 zephyr/libzephyr.a(nrf_cc3xx_platform_mutex_zephyr.c.obj)
 .text.nrf_cc3xx_platform_mutex_init
                0x00000000000024dc       0x2c zephyr/libzephyr.a(nrf_cc3xx_platform_mutex_zephyr.c.obj)
                0x00000000000024dc                nrf_cc3xx_platform_mutex_init
 .text.z_arm_cpu_idle_init
                0x0000000000002508        0xc zephyr/arch/arch/arm/core/aarch32/libarch__arm__core__aarch32.a(cpu_idle.S.obj)
                0x0000000000002508                z_arm_cpu_idle_init
 .text.arch_cpu_idle
                0x0000000000002514       0x1c zephyr/arch/arch/arm/core/aarch32/libarch__arm__core__aarch32.a(cpu_idle.S.obj)
                0x0000000000002514                arch_cpu_idle
 .text.z_arm_fatal_error
                0x0000000000002530       0xcc zephyr/arch/arch/arm/core/aarch32/libarch__arm__core__aarch32.a(fatal.c.obj)
                0x0000000000002530                z_arm_fatal_error
 .text.arch_irq_enable
                0x00000000000025fc       0x20 zephyr/arch/arch/arm/core/aarch32/libarch__arm__core__aarch32.a(irq_manage.c.obj)
                0x00000000000025fc                arch_irq_enable
 .text.arch_irq_is_enabled
                0x000000000000261c       0x1c zephyr/arch/arch/arm/core/aarch32/libarch__arm__core__aarch32.a(irq_manage.c.obj)
                0x000000000000261c                arch_irq_is_enabled
 .text.z_arm_irq_priority_set
                0x0000000000002638       0x30 zephyr/arch/arch/arm/core/aarch32/libarch__arm__core__aarch32.a(irq_manage.c.obj)
                0x0000000000002638                z_arm_irq_priority_set
 .text.z_SysNmiOnReset
                0x0000000000002668        0x8 zephyr/arch/arch/arm/core/aarch32/libarch__arm__core__aarch32.a(nmi_on_reset.S.obj)
                0x0000000000002668                z_SysNmiOnReset
 .text.z_arm_prep_c
                0x0000000000002670       0x38 zephyr/arch/arch/arm/core/aarch32/libarch__arm__core__aarch32.a(prep_c.c.obj)
                0x0000000000002670                z_arm_prep_c
 .text.arch_swap
                0x00000000000026a8       0x34 zephyr/arch/arch/arm/core/aarch32/libarch__arm__core__aarch32.a(swap.c.obj)
                0x00000000000026a8                arch_swap
 .text.z_arm_pendsv
                0x00000000000026dc       0x48 zephyr/arch/arch/arm/core/aarch32/libarch__arm__core__aarch32.a(swap_helper.S.obj)
                0x00000000000026dc                z_arm_pendsv
 .text.z_arm_svc
                0x0000000000002724       0x20 zephyr/arch/arch/arm/core/aarch32/libarch__arm__core__aarch32.a(swap_helper.S.obj)
                0x0000000000002724                z_arm_svc
 .text.arch_new_thread
                0x0000000000002744       0x38 zephyr/arch/arch/arm/core/aarch32/libarch__arm__core__aarch32.a(thread.c.obj)
                0x0000000000002744                arch_new_thread
 .text.arch_switch_to_main_thread
                0x000000000000277c       0x24 zephyr/arch/arch/arm/core/aarch32/libarch__arm__core__aarch32.a(thread.c.obj)
                0x000000000000277c                arch_switch_to_main_thread
 .text._isr_wrapper
                0x00000000000027a0       0x40 zephyr/arch/arch/arm/core/aarch32/libarch__arm__core__aarch32.a(isr_wrapper.S.obj)
                0x00000000000027a0                _isr_wrapper
 .text._HandlerModeExit
                0x00000000000027e0       0x1c zephyr/arch/arch/arm/core/aarch32/cortex_m/libarch__arm__core__aarch32__cortex_m.a(exc_exit.S.obj)
                0x00000000000027e0                z_arm_exc_exit
                0x00000000000027e0                z_arm_int_exit
 .text.mem_manage_fault.constprop.0
                0x00000000000027fc      0x138 zephyr/arch/arch/arm/core/aarch32/cortex_m/libarch__arm__core__aarch32__cortex_m.a(fault.c.obj)
 .text.bus_fault.constprop.0
                0x0000000000002934      0x130 zephyr/arch/arch/arm/core/aarch32/cortex_m/libarch__arm__core__aarch32__cortex_m.a(fault.c.obj)
 .text.usage_fault.constprop.0
                0x0000000000002a64       0xf8 zephyr/arch/arch/arm/core/aarch32/cortex_m/libarch__arm__core__aarch32__cortex_m.a(fault.c.obj)
 .text.z_arm_fault
                0x0000000000002b5c      0x220 zephyr/arch/arch/arm/core/aarch32/cortex_m/libarch__arm__core__aarch32__cortex_m.a(fault.c.obj)
                0x0000000000002b5c                z_arm_fault
 .text.z_arm_fault_init
                0x0000000000002d7c       0x10 zephyr/arch/arch/arm/core/aarch32/cortex_m/libarch__arm__core__aarch32__cortex_m.a(fault.c.obj)
                0x0000000000002d7c                z_arm_fault_init
 .text.__fault  0x0000000000002d8c       0x14 zephyr/arch/arch/arm/core/aarch32/cortex_m/libarch__arm__core__aarch32__cortex_m.a(fault_s.S.obj)
                0x0000000000002d8c                z_arm_bus_fault
                0x0000000000002d8c                z_arm_usage_fault
                0x0000000000002d8c                z_arm_mpu_fault
                0x0000000000002d8c                z_arm_exc_spurious
                0x0000000000002d8c                z_arm_debug_monitor
                0x0000000000002d8c                z_arm_hard_fault
 .text.z_arm_interrupt_init
                0x0000000000002da0       0x18 zephyr/arch/arch/arm/core/aarch32/cortex_m/libarch__arm__core__aarch32__cortex_m.a(irq_init.c.obj)
                0x0000000000002da0                z_arm_interrupt_init
 .text._reset_section
                0x0000000000002db8       0x54 zephyr/arch/arch/arm/core/aarch32/cortex_m/libarch__arm__core__aarch32__cortex_m.a(reset.S.obj)
                0x0000000000002db8                z_arm_reset
                0x0000000000002db8                __start
 .text.z_arm_clear_arm_mpu_config
                0x0000000000002e0c       0x24 zephyr/arch/arch/arm/core/aarch32/cortex_m/libarch__arm__core__aarch32__cortex_m.a(scb.c.obj)
                0x0000000000002e0c                z_arm_clear_arm_mpu_config
 .text.z_arm_init_arch_hw_at_boot
                0x0000000000002e30       0x64 zephyr/arch/arch/arm/core/aarch32/cortex_m/libarch__arm__core__aarch32__cortex_m.a(scb.c.obj)
                0x0000000000002e30                z_arm_init_arch_hw_at_boot
 .text.z_impl_k_thread_abort
                0x0000000000002e94       0x2c zephyr/arch/arch/arm/core/aarch32/cortex_m/libarch__arm__core__aarch32__cortex_m.a(thread_abort.c.obj)
                0x0000000000002e94                z_impl_k_thread_abort
 .text.z_arm_configure_static_mpu_regions
                0x0000000000002ec0       0x18 zephyr/arch/arch/arm/core/aarch32/mpu/libarch__arm__core__aarch32__mpu.a(arm_core_mpu.c.obj)
                0x0000000000002ec0                z_arm_configure_static_mpu_regions
 .text.mpu_configure_regions
                0x0000000000002ed8       0xc8 zephyr/arch/arch/arm/core/aarch32/mpu/libarch__arm__core__aarch32__mpu.a(arm_mpu.c.obj)
 .text.arm_core_mpu_enable
                0x0000000000002fa0       0x18 zephyr/arch/arch/arm/core/aarch32/mpu/libarch__arm__core__aarch32__mpu.a(arm_mpu.c.obj)
                0x0000000000002fa0                arm_core_mpu_enable
 .text.arm_core_mpu_disable
                0x0000000000002fb8       0x14 zephyr/arch/arch/arm/core/aarch32/mpu/libarch__arm__core__aarch32__mpu.a(arm_mpu.c.obj)
                0x0000000000002fb8                arm_core_mpu_disable
 .text.arm_core_mpu_configure_static_mpu_regions
                0x0000000000002fcc       0x14 zephyr/arch/arch/arm/core/aarch32/mpu/libarch__arm__core__aarch32__mpu.a(arm_mpu.c.obj)
                0x0000000000002fcc                arm_core_mpu_configure_static_mpu_regions
 .text.z_arm_mpu_init
                0x0000000000002fe0       0x60 zephyr/arch/arch/arm/core/aarch32/mpu/libarch__arm__core__aarch32__mpu.a(arm_mpu.c.obj)
                0x0000000000002fe0                z_arm_mpu_init
 .text.__stdout_hook_install
                0x0000000000003040        0xc zephyr/lib/libc/newlib/liblib__libc__newlib.a(libc-hooks.c.obj)
                0x0000000000003040                __stdout_hook_install
 .text.z_impl_zephyr_write_stdout
                0x000000000000304c       0x30 zephyr/lib/libc/newlib/liblib__libc__newlib.a(libc-hooks.c.obj)
                0x000000000000304c                z_impl_zephyr_write_stdout
 .text.__chk_fail
                0x000000000000307c       0x1c zephyr/lib/libc/newlib/liblib__libc__newlib.a(libc-hooks.c.obj)
                0x000000000000307c                __chk_fail
 .text.nordicsemi_nrf52_init
                0x0000000000003098       0x30 zephyr/soc/arm/nordic_nrf/nrf52/libsoc__arm__nordic_nrf__nrf52.a(soc.c.obj)
 .text.sys_arch_reboot
                0x00000000000030c8       0x2c zephyr/soc/arm/nordic_nrf/nrf52/libsoc__arm__nordic_nrf__nrf52.a(soc.c.obj)
                0x00000000000030c8                sys_arch_reboot
 .text.arch_busy_wait
                0x00000000000030f4       0x14 zephyr/soc/arm/nordic_nrf/nrf52/libsoc__arm__nordic_nrf__nrf52.a(soc.c.obj)
                0x00000000000030f4                arch_busy_wait
 .text.adc_context_start_sampling.isra.0
                0x0000000000003108       0x18 zephyr/drivers/adc/libdrivers__adc.a(adc_nrfx_saadc.c.obj)
 .text.adc_nrfx_channel_setup
                0x0000000000003120      0x104 zephyr/drivers/adc/libdrivers__adc.a(adc_nrfx_saadc.c.obj)
 .text.adc_nrfx_read
                0x0000000000003224      0x228 zephyr/drivers/adc/libdrivers__adc.a(adc_nrfx_saadc.c.obj)
 .text.init_saadc
                0x000000000000344c       0x44 zephyr/drivers/adc/libdrivers__adc.a(adc_nrfx_saadc.c.obj)
 .text.saadc_irq_handler
                0x0000000000003490       0xcc zephyr/drivers/adc/libdrivers__adc.a(adc_nrfx_saadc.c.obj)
 .text.onoff_stop
                0x000000000000355c       0x28 zephyr/drivers/clock_control/libdrivers__clock_control.a(clock_control_nrf.c.obj)
 .text.onoff_start
                0x0000000000003584       0x3c zephyr/drivers/clock_control/libdrivers__clock_control.a(clock_control_nrf.c.obj)
 .text.clk_init
                0x00000000000035c0       0x58 zephyr/drivers/clock_control/libdrivers__clock_control.a(clock_control_nrf.c.obj)
 .text.clkstarted_handle.constprop.0
                0x0000000000003618       0x34 zephyr/drivers/clock_control/libdrivers__clock_control.a(clock_control_nrf.c.obj)
 .text.clock_event_handler
                0x000000000000364c       0x1c zephyr/drivers/clock_control/libdrivers__clock_control.a(clock_control_nrf.c.obj)
 .text.generic_hfclk_start
                0x0000000000003668       0x64 zephyr/drivers/clock_control/libdrivers__clock_control.a(clock_control_nrf.c.obj)
 .text.api_blocking_start
                0x00000000000036cc       0x34 zephyr/drivers/clock_control/libdrivers__clock_control.a(clock_control_nrf.c.obj)
 .text.generic_hfclk_stop
                0x0000000000003700       0x2c zephyr/drivers/clock_control/libdrivers__clock_control.a(clock_control_nrf.c.obj)
 .text.z_nrf_clock_control_lf_on
                0x000000000000372c       0xa4 zephyr/drivers/clock_control/libdrivers__clock_control.a(clock_control_nrf.c.obj)
                0x000000000000372c                z_nrf_clock_control_lf_on
 .text.rtt_console_init
                0x00000000000037d0       0x18 zephyr/drivers/console/libdrivers__console.a(rtt_console.c.obj)
 .text.rtt_console_out
                0x00000000000037e8       0x6c zephyr/drivers/console/libdrivers__console.a(rtt_console.c.obj)
 .text.gpio_nrfx_pin_interrupt_configure
                0x0000000000003854       0xd4 zephyr/drivers/gpio/libdrivers__gpio.a(gpio_nrfx.c.obj)
 .text.gpio_nrfx_init
                0x0000000000003928       0x38 zephyr/drivers/gpio/libdrivers__gpio.a(gpio_nrfx.c.obj)
 .text.nrfx_gpio_handler
                0x0000000000003960       0x44 zephyr/drivers/gpio/libdrivers__gpio.a(gpio_nrfx.c.obj)
 .text.gpio_nrfx_pin_configure
                0x00000000000039a4      0x158 zephyr/drivers/gpio/libdrivers__gpio.a(gpio_nrfx.c.obj)
 .text.compare_int_lock
                0x0000000000003afc       0x50 zephyr/drivers/timer/libdrivers__timer.a(nrf_rtc_timer.c.obj)
 .text.sys_clock_timeout_handler
                0x0000000000003b4c       0x78 zephyr/drivers/timer/libdrivers__timer.a(nrf_rtc_timer.c.obj)
 .text.compare_int_unlock
                0x0000000000003bc4       0x5c zephyr/drivers/timer/libdrivers__timer.a(nrf_rtc_timer.c.obj)
 .text.z_nrf_rtc_timer_read
                0x0000000000003c20       0x44 zephyr/drivers/timer/libdrivers__timer.a(nrf_rtc_timer.c.obj)
                0x0000000000003c20                z_nrf_rtc_timer_read
 .text.compare_set
                0x0000000000003c64      0x148 zephyr/drivers/timer/libdrivers__timer.a(nrf_rtc_timer.c.obj)
 .text.sys_clock_driver_init
                0x0000000000003dac       0x80 zephyr/drivers/timer/libdrivers__timer.a(nrf_rtc_timer.c.obj)
 .text.rtc_nrf_isr
                0x0000000000003e2c       0xec zephyr/drivers/timer/libdrivers__timer.a(nrf_rtc_timer.c.obj)
                0x0000000000003e2c                rtc_nrf_isr
 .text.sys_clock_set_timeout
                0x0000000000003f18       0x64 zephyr/drivers/timer/libdrivers__timer.a(nrf_rtc_timer.c.obj)
                0x0000000000003f18                sys_clock_set_timeout
 .text.sys_clock_elapsed
                0x0000000000003f7c       0x14 zephyr/drivers/timer/libdrivers__timer.a(nrf_rtc_timer.c.obj)
                0x0000000000003f7c                sys_clock_elapsed
 .text.k_sys_fatal_error_handler
                0x0000000000003f90       0x2c modules/nrf/lib/fatal_error/lib..__nrf__lib__fatal_error.a(fatal_error.c.obj)
                0x0000000000003f90                k_sys_fatal_error_handler
 .text.nrf52_errata_98
                0x0000000000003fbc       0x24 modules/hal_nordic/nrfx/libmodules__hal_nordic__nrfx.a(system_nrf52840.c.obj)
 .text.nvmc_wait
                0x0000000000003fe0       0x10 modules/hal_nordic/nrfx/libmodules__hal_nordic__nrfx.a(system_nrf52840.c.obj)
                0x0000000000003fe0                nvmc_wait
 .text.SystemInit
                0x0000000000003ff0      0x1d4 modules/hal_nordic/nrfx/libmodules__hal_nordic__nrfx.a(system_nrf52840.c.obj)
                0x0000000000003ff0                SystemInit
 .text.nrfx_flag32_alloc
                0x00000000000041c4       0x4c modules/hal_nordic/nrfx/libmodules__hal_nordic__nrfx.a(nrfx_flag32_allocator.c.obj)
                0x00000000000041c4                nrfx_flag32_alloc
 .text.nrfx_flag32_free
                0x0000000000004210       0x44 modules/hal_nordic/nrfx/libmodules__hal_nordic__nrfx.a(nrfx_flag32_allocator.c.obj)
                0x0000000000004210                nrfx_flag32_free
 .text.clock_stop
                0x0000000000004254       0xa8 modules/hal_nordic/nrfx/libmodules__hal_nordic__nrfx.a(nrfx_clock.c.obj)
 .text.nrfx_clock_init
                0x00000000000042fc       0x20 modules/hal_nordic/nrfx/libmodules__hal_nordic__nrfx.a(nrfx_clock.c.obj)
                0x00000000000042fc                nrfx_clock_init
 .text.nrfx_power_clock_irq_handler
                0x000000000000431c       0x54 modules/hal_nordic/nrfx/libmodules__hal_nordic__nrfx.a(nrfx_clock.c.obj)
                0x000000000000431c                nrfx_power_clock_irq_handler
 .text.nrf_gpio_pin_port_decode
                0x0000000000004370       0x1c modules/hal_nordic/nrfx/libmodules__hal_nordic__nrfx.a(nrfx_gpiote.c.obj)
 .text.pin_in_use_by_te
                0x000000000000438c       0x14 modules/hal_nordic/nrfx/libmodules__hal_nordic__nrfx.a(nrfx_gpiote.c.obj)
 .text.call_handler
                0x00000000000043a0       0x3c modules/hal_nordic/nrfx/libmodules__hal_nordic__nrfx.a(nrfx_gpiote.c.obj)
 .text.release_handler
                0x00000000000043dc       0x54 modules/hal_nordic/nrfx/libmodules__hal_nordic__nrfx.a(nrfx_gpiote.c.obj)
 .text.pin_handler_trigger_uninit
                0x0000000000004430       0x38 modules/hal_nordic/nrfx/libmodules__hal_nordic__nrfx.a(nrfx_gpiote.c.obj)
 .text.nrfx_gpiote_input_configure
                0x0000000000004468      0x15c modules/hal_nordic/nrfx/libmodules__hal_nordic__nrfx.a(nrfx_gpiote.c.obj)
                0x0000000000004468                nrfx_gpiote_input_configure
 .text.nrfx_gpiote_output_configure
                0x00000000000045c4       0xe4 modules/hal_nordic/nrfx/libmodules__hal_nordic__nrfx.a(nrfx_gpiote.c.obj)
                0x00000000000045c4                nrfx_gpiote_output_configure
 .text.nrfx_gpiote_global_callback_set
                0x00000000000046a8        0xc modules/hal_nordic/nrfx/libmodules__hal_nordic__nrfx.a(nrfx_gpiote.c.obj)
                0x00000000000046a8                nrfx_gpiote_global_callback_set
 .text.nrfx_gpiote_channel_get
                0x00000000000046b4       0x2c modules/hal_nordic/nrfx/libmodules__hal_nordic__nrfx.a(nrfx_gpiote.c.obj)
                0x00000000000046b4                nrfx_gpiote_channel_get
 .text.nrfx_gpiote_init
                0x00000000000046e0       0x50 modules/hal_nordic/nrfx/libmodules__hal_nordic__nrfx.a(nrfx_gpiote.c.obj)
                0x00000000000046e0                nrfx_gpiote_init
 .text.nrfx_gpiote_is_init
                0x0000000000004730       0x14 modules/hal_nordic/nrfx/libmodules__hal_nordic__nrfx.a(nrfx_gpiote.c.obj)
                0x0000000000004730                nrfx_gpiote_is_init
 .text.nrfx_gpiote_channel_free
                0x0000000000004744        0xc modules/hal_nordic/nrfx/libmodules__hal_nordic__nrfx.a(nrfx_gpiote.c.obj)
                0x0000000000004744                nrfx_gpiote_channel_free
 .text.nrfx_gpiote_channel_alloc
                0x0000000000004750        0xc modules/hal_nordic/nrfx/libmodules__hal_nordic__nrfx.a(nrfx_gpiote.c.obj)
                0x0000000000004750                nrfx_gpiote_channel_alloc
 .text.nrfx_gpiote_trigger_enable
                0x000000000000475c       0x90 modules/hal_nordic/nrfx/libmodules__hal_nordic__nrfx.a(nrfx_gpiote.c.obj)
                0x000000000000475c                nrfx_gpiote_trigger_enable
 .text.nrfx_gpiote_trigger_disable
                0x00000000000047ec       0x50 modules/hal_nordic/nrfx/libmodules__hal_nordic__nrfx.a(nrfx_gpiote.c.obj)
                0x00000000000047ec                nrfx_gpiote_trigger_disable
 .text.nrfx_gpiote_pin_uninit
                0x000000000000483c       0x48 modules/hal_nordic/nrfx/libmodules__hal_nordic__nrfx.a(nrfx_gpiote.c.obj)
                0x000000000000483c                nrfx_gpiote_pin_uninit
 .text.nrfx_gpiote_irq_handler
                0x0000000000004884      0x1ac modules/hal_nordic/nrfx/libmodules__hal_nordic__nrfx.a(nrfx_gpiote.c.obj)
                0x0000000000004884                nrfx_gpiote_irq_handler
 .text._DoInit  0x0000000000004a30       0x60 modules/segger/libmodules__segger.a(SEGGER_RTT.c.obj)
 .text.SEGGER_RTT_WriteSkipNoLock
                0x0000000000004a90       0x98 modules/segger/libmodules__segger.a(SEGGER_RTT.c.obj)
                0x0000000000004a90                SEGGER_RTT_WriteSkipNoLock
 .text.SEGGER_RTT_WriteNoLock
                0x0000000000004b28       0x60 modules/segger/libmodules__segger.a(SEGGER_RTT.c.obj)
                0x0000000000004b28                SEGGER_RTT_WriteNoLock
 .text.SEGGER_RTT_HasDataUp
                0x0000000000004b88       0x14 modules/segger/libmodules__segger.a(SEGGER_RTT.c.obj)
                0x0000000000004b88                SEGGER_RTT_HasDataUp
 .text.z_sys_init_run_level
                0x0000000000004b9c       0x40 zephyr/kernel/libkernel.a(device.c.obj)
                0x0000000000004b9c                z_sys_init_run_level
 .text.z_impl_device_get_binding
                0x0000000000004bdc       0x54 zephyr/kernel/libkernel.a(device.c.obj)
                0x0000000000004bdc                z_impl_device_get_binding
 .text.z_fatal_error
                0x0000000000004c30       0xfc zephyr/kernel/libkernel.a(fatal.c.obj)
                0x0000000000004c30                z_fatal_error
 .text.bg_thread_main
                0x0000000000004d2c       0x38 zephyr/kernel/libkernel.a(init.c.obj)
 .text.z_bss_zero
                0x0000000000004d64       0x18 zephyr/kernel/libkernel.a(init.c.obj)
                0x0000000000004d64                z_bss_zero
 .text.z_init_cpu
                0x0000000000004d7c       0x68 zephyr/kernel/libkernel.a(init.c.obj)
                0x0000000000004d7c                z_init_cpu
 .text.z_cstart
                0x0000000000004de4       0xd8 zephyr/kernel/libkernel.a(init.c.obj)
                0x0000000000004de4                z_cstart
 .text.init_mem_slab_module
                0x0000000000004ebc       0x44 zephyr/kernel/libkernel.a(mem_slab.c.obj)
 .text.k_mem_slab_alloc
                0x0000000000004f00       0x5c zephyr/kernel/libkernel.a(mem_slab.c.obj)
                0x0000000000004f00                k_mem_slab_alloc
 .text.z_setup_new_thread
                0x0000000000004f5c       0x60 zephyr/kernel/libkernel.a(thread.c.obj)
                0x0000000000004f5c                z_setup_new_thread
 .text.z_impl_k_thread_create
                0x0000000000004fbc       0x58 zephyr/kernel/libkernel.a(thread.c.obj)
                0x0000000000004fbc                z_impl_k_thread_create
 .text.z_init_static_threads
                0x0000000000005014       0xb8 zephyr/kernel/libkernel.a(thread.c.obj)
                0x0000000000005014                z_init_static_threads
 .text.idle     0x00000000000050cc       0x38 zephyr/kernel/libkernel.a(idle.c.obj)
                0x00000000000050cc                idle
 .text.z_impl_k_mutex_lock
                0x0000000000005104       0xf0 zephyr/kernel/libkernel.a(mutex.c.obj)
                0x0000000000005104                z_impl_k_mutex_lock
 .text.z_impl_k_mutex_unlock
                0x00000000000051f4       0x84 zephyr/kernel/libkernel.a(mutex.c.obj)
                0x00000000000051f4                z_impl_k_mutex_unlock
 .text.z_impl_k_sem_give
                0x0000000000005278       0x40 zephyr/kernel/libkernel.a(sem.c.obj)
                0x0000000000005278                z_impl_k_sem_give
 .text.z_impl_k_sem_take
                0x00000000000052b8       0x50 zephyr/kernel/libkernel.a(sem.c.obj)
                0x00000000000052b8                z_impl_k_sem_take
 .text.z_reset_time_slice
                0x0000000000005308       0x28 zephyr/kernel/libkernel.a(sched.c.obj)
                0x0000000000005308                z_reset_time_slice
 .text.k_sched_time_slice_set
                0x0000000000005330       0x64 zephyr/kernel/libkernel.a(sched.c.obj)
                0x0000000000005330                k_sched_time_slice_set
 .text.z_reschedule
                0x0000000000005394       0x24 zephyr/kernel/libkernel.a(sched.c.obj)
                0x0000000000005394                z_reschedule
 .text.k_sched_lock
                0x00000000000053b8       0x28 zephyr/kernel/libkernel.a(sched.c.obj)
                0x00000000000053b8                k_sched_lock
 .text.update_cache
                0x00000000000053e0       0x40 zephyr/kernel/libkernel.a(sched.c.obj)
 .text.move_thread_to_end_of_prio_q
                0x0000000000005420       0x74 zephyr/kernel/libkernel.a(sched.c.obj)
 .text.z_time_slice
                0x0000000000005494       0x84 zephyr/kernel/libkernel.a(sched.c.obj)
                0x0000000000005494                z_time_slice
 .text.ready_thread
                0x0000000000005518       0x6c zephyr/kernel/libkernel.a(sched.c.obj)
 .text.z_sched_start
                0x0000000000005584       0x3c zephyr/kernel/libkernel.a(sched.c.obj)
                0x0000000000005584                z_sched_start
 .text.unready_thread
                0x00000000000055c0       0x30 zephyr/kernel/libkernel.a(sched.c.obj)
 .text.pend     0x00000000000055f0       0x4c zephyr/kernel/libkernel.a(sched.c.obj)
 .text.z_pend_curr
                0x000000000000563c       0x28 zephyr/kernel/libkernel.a(sched.c.obj)
                0x000000000000563c                z_pend_curr
 .text.z_set_prio
                0x0000000000005664       0x90 zephyr/kernel/libkernel.a(sched.c.obj)
                0x0000000000005664                z_set_prio
 .text.z_impl_k_thread_suspend
                0x00000000000056f4       0x64 zephyr/kernel/libkernel.a(sched.c.obj)
                0x00000000000056f4                z_impl_k_thread_suspend
 .text.k_sched_unlock
                0x0000000000005758       0x38 zephyr/kernel/libkernel.a(sched.c.obj)
                0x0000000000005758                k_sched_unlock
 .text.z_sched_init
                0x0000000000005790       0x18 zephyr/kernel/libkernel.a(sched.c.obj)
                0x0000000000005790                z_sched_init
 .text.z_impl_k_yield
                0x00000000000057a8       0x80 zephyr/kernel/libkernel.a(sched.c.obj)
                0x00000000000057a8                z_impl_k_yield
 .text.z_tick_sleep
                0x0000000000005828       0x90 zephyr/kernel/libkernel.a(sched.c.obj)
 .text.z_impl_k_sleep
                0x00000000000058b8       0x34 zephyr/kernel/libkernel.a(sched.c.obj)
                0x00000000000058b8                z_impl_k_sleep
 .text.z_impl_z_current_get
                0x00000000000058ec        0xc zephyr/kernel/libkernel.a(sched.c.obj)
                0x00000000000058ec                z_impl_z_current_get
 .text.z_thread_abort
                0x00000000000058f8       0xa4 zephyr/kernel/libkernel.a(sched.c.obj)
                0x00000000000058f8                z_thread_abort
 .text.z_data_copy
                0x000000000000599c       0x34 zephyr/kernel/libkernel.a(xip.c.obj)
                0x000000000000599c                z_data_copy
 .text.elapsed  0x00000000000059d0       0x14 zephyr/kernel/libkernel.a(timeout.c.obj)
 .text.next_timeout
                0x00000000000059e4       0x4c zephyr/kernel/libkernel.a(timeout.c.obj)
 .text.remove_timeout
                0x0000000000005a30       0x34 zephyr/kernel/libkernel.a(timeout.c.obj)
 .text.z_add_timeout
                0x0000000000005a64       0xf4 zephyr/kernel/libkernel.a(timeout.c.obj)
                0x0000000000005a64                z_add_timeout
 .text.sys_clock_announce
                0x0000000000005b58       0xb8 zephyr/kernel/libkernel.a(timeout.c.obj)
                0x0000000000005b58                sys_clock_announce
 .text.sys_clock_tick_get
                0x0000000000005c10       0x30 zephyr/kernel/libkernel.a(timeout.c.obj)
                0x0000000000005c10                sys_clock_tick_get
 .text.z_timer_expiration_handler
                0x0000000000005c40       0x8c zephyr/kernel/libkernel.a(timer.c.obj)
                0x0000000000005c40                z_timer_expiration_handler
 .text.z_impl_k_timer_start
                0x0000000000005ccc       0xa4 zephyr/kernel/libkernel.a(timer.c.obj)
                0x0000000000005ccc                z_impl_k_timer_start
 .text.boot_banner
                0x0000000000005d70       0x18 zephyr/kernel/libkernel.a(banner.c.obj)
                0x0000000000005d70                boot_banner
 .text.nrf_cc3xx_platform_init_no_rng
                0x0000000000005d88       0x38 /home/stan/ncs/v2.0.0/nrfxlib/crypto/nrf_cc310_platform/lib/cortex-m4/soft-float/no-interrupts/libnrf_cc310_platform_0.9.14.a(nrf_cc3xx_platform.c.obj)
                0x0000000000005d88                nrf_cc3xx_platform_init_no_rng
 .text.nrf_cc3xx_platform_abort
                0x0000000000005dc0       0x24 /home/stan/ncs/v2.0.0/nrfxlib/crypto/nrf_cc310_platform/lib/cortex-m4/soft-float/no-interrupts/libnrf_cc310_platform_0.9.14.a(nrf_cc3xx_platform_abort.c.obj)
 .text.CC_PalAbort
                0x0000000000005de4       0x34 /home/stan/ncs/v2.0.0/nrfxlib/crypto/nrf_cc310_platform/lib/cortex-m4/soft-float/no-interrupts/libnrf_cc310_platform_0.9.14.a(nrf_cc3xx_platform_abort.c.obj)
                0x0000000000005de4                CC_PalAbort
 .text.nrf_cc3xx_platform_set_abort
                0x0000000000005e18       0x10 /home/stan/ncs/v2.0.0/nrfxlib/crypto/nrf_cc310_platform/lib/cortex-m4/soft-float/no-interrupts/libnrf_cc310_platform_0.9.14.a(nrf_cc3xx_platform_abort.c.obj)
                0x0000000000005e18                nrf_cc3xx_platform_set_abort
 .text.mutex_free
                0x0000000000005e28       0x28 /home/stan/ncs/v2.0.0/nrfxlib/crypto/nrf_cc310_platform/lib/cortex-m4/soft-float/no-interrupts/libnrf_cc310_platform_0.9.14.a(nrf_cc3xx_platform_mutex.c.obj)
 .text.mutex_lock
                0x0000000000005e50       0x40 /home/stan/ncs/v2.0.0/nrfxlib/crypto/nrf_cc310_platform/lib/cortex-m4/soft-float/no-interrupts/libnrf_cc310_platform_0.9.14.a(nrf_cc3xx_platform_mutex.c.obj)
 .text.mutex_unlock
                0x0000000000005e90       0x2c /home/stan/ncs/v2.0.0/nrfxlib/crypto/nrf_cc310_platform/lib/cortex-m4/soft-float/no-interrupts/libnrf_cc310_platform_0.9.14.a(nrf_cc3xx_platform_mutex.c.obj)
 .text.mutex_init
                0x0000000000005ebc       0x1c /home/stan/ncs/v2.0.0/nrfxlib/crypto/nrf_cc310_platform/lib/cortex-m4/soft-float/no-interrupts/libnrf_cc310_platform_0.9.14.a(nrf_cc3xx_platform_mutex.c.obj)
 .text.nrf_cc3xx_platform_set_mutexes
                0x0000000000005ed8       0x60 /home/stan/ncs/v2.0.0/nrfxlib/crypto/nrf_cc310_platform/lib/cortex-m4/soft-float/no-interrupts/libnrf_cc310_platform_0.9.14.a(nrf_cc3xx_platform_mutex.c.obj)
                0x0000000000005ed8                nrf_cc3xx_platform_set_mutexes
 .text.CC_LibInitNoRng
                0x0000000000005f38       0x64 /home/stan/ncs/v2.0.0/nrfxlib/crypto/nrf_cc310_platform/lib/cortex-m4/soft-float/no-interrupts/libnrf_cc310_platform_0.9.14.a(cc_lib.c.obj)
                0x0000000000005f38                CC_LibInitNoRng
 .text.CC_HalInit
                0x0000000000005f9c        0x4 /home/stan/ncs/v2.0.0/nrfxlib/crypto/nrf_cc310_platform/lib/cortex-m4/soft-float/no-interrupts/libnrf_cc310_platform_0.9.14.a(cc_hal.c.obj)
                0x0000000000005f9c                CC_HalInit
 .text.CC_HalTerminate
                0x0000000000005fa0        0x4 /home/stan/ncs/v2.0.0/nrfxlib/crypto/nrf_cc310_platform/lib/cortex-m4/soft-float/no-interrupts/libnrf_cc310_platform_0.9.14.a(cc_hal.c.obj)
                0x0000000000005fa0                CC_HalTerminate
 .text.CC_HalMaskInterrupt
                0x0000000000005fa4        0xc /home/stan/ncs/v2.0.0/nrfxlib/crypto/nrf_cc310_platform/lib/cortex-m4/soft-float/no-interrupts/libnrf_cc310_platform_0.9.14.a(cc_hal.c.obj)
                0x0000000000005fa4                CC_HalMaskInterrupt
 .text.CC_PalInit
                0x0000000000005fb0       0x5c /home/stan/ncs/v2.0.0/nrfxlib/crypto/nrf_cc310_platform/lib/cortex-m4/soft-float/no-interrupts/libnrf_cc310_platform_0.9.14.a(cc_pal.c.obj)
                0x0000000000005fb0                CC_PalInit
 .text.CC_PalTerminate
                0x000000000000600c       0x34 /home/stan/ncs/v2.0.0/nrfxlib/crypto/nrf_cc310_platform/lib/cortex-m4/soft-float/no-interrupts/libnrf_cc310_platform_0.9.14.a(cc_pal.c.obj)
                0x000000000000600c                CC_PalTerminate
 .text.CC_PalDmaInit
                0x0000000000006040        0x4 /home/stan/ncs/v2.0.0/nrfxlib/crypto/nrf_cc310_platform/lib/cortex-m4/soft-float/no-interrupts/libnrf_cc310_platform_0.9.14.a(cc_pal_dma.c.obj)
                0x0000000000006040                CC_PalDmaInit
 .text.CC_PalDmaTerminate
                0x0000000000006044        0x4 /home/stan/ncs/v2.0.0/nrfxlib/crypto/nrf_cc310_platform/lib/cortex-m4/soft-float/no-interrupts/libnrf_cc310_platform_0.9.14.a(cc_pal_dma.c.obj)
                0x0000000000006044                CC_PalDmaTerminate
 .text.CC_PalMutexCreate
                0x0000000000006048       0x14 /home/stan/ncs/v2.0.0/nrfxlib/crypto/nrf_cc310_platform/lib/cortex-m4/soft-float/no-interrupts/libnrf_cc310_platform_0.9.14.a(cc_pal_mutex.c.obj)
                0x0000000000006048                CC_PalMutexCreate
 .text.CC_PalMutexDestroy
                0x000000000000605c       0x14 /home/stan/ncs/v2.0.0/nrfxlib/crypto/nrf_cc310_platform/lib/cortex-m4/soft-float/no-interrupts/libnrf_cc310_platform_0.9.14.a(cc_pal_mutex.c.obj)
                0x000000000000605c                CC_PalMutexDestroy
 .text.CC_PalPowerSaveModeInit
                0x0000000000006070       0x3c /home/stan/ncs/v2.0.0/nrfxlib/crypto/nrf_cc310_platform/lib/cortex-m4/soft-float/no-interrupts/libnrf_cc310_platform_0.9.14.a(cc_pal_pm.c.obj)
                0x0000000000006070                CC_PalPowerSaveModeInit
 .text.CC_PalPowerSaveModeSelect
                0x00000000000060ac       0x88 /home/stan/ncs/v2.0.0/nrfxlib/crypto/nrf_cc310_platform/lib/cortex-m4/soft-float/no-interrupts/libnrf_cc310_platform_0.9.14.a(cc_pal_pm.c.obj)
                0x00000000000060ac                CC_PalPowerSaveModeSelect
 .text._Z24z_cbprintf_cxx_store_argIiEvPhT_
                0x0000000000006134        0x4 app/libapp.a(battery.cpp.obj)
 .text._Z24z_cbprintf_cxx_store_argIPKcEvPhT_
                0x0000000000006138        0x4 app/libapp.a(battery.cpp.obj)
 .text.cbpprintf_external
                0x000000000000613c       0x5a zephyr/libzephyr.a(cbprintf_packaged.c.obj)
                0x000000000000613c                cbpprintf_external
 .text.sys_notify_validate
                0x0000000000006196       0x22 zephyr/libzephyr.a(notify.c.obj)
                0x0000000000006196                sys_notify_validate
 .text.sys_notify_finalize
                0x00000000000061b8       0x1a zephyr/libzephyr.a(notify.c.obj)
                0x00000000000061b8                sys_notify_finalize
 .text.arch_printk_char_out
                0x00000000000061d2        0x4 zephyr/libzephyr.a(printk.c.obj)
                0x00000000000061d2                arch_printk_char_out
 .text.str_out  0x00000000000061d6       0x26 zephyr/libzephyr.a(printk.c.obj)
 .text.printk   0x00000000000061fc       0x1a zephyr/libzephyr.a(printk.c.obj)
                0x00000000000061fc                printk
 .text.snprintk
                0x0000000000006216       0x1a zephyr/libzephyr.a(printk.c.obj)
                0x0000000000006216                snprintk
 .text.process_recheck
                0x0000000000006230       0x38 zephyr/libzephyr.a(onoff.c.obj)
 .text.notify_one
                0x0000000000006268       0x2c zephyr/libzephyr.a(onoff.c.obj)
 .text.transition_complete
                0x0000000000006294       0x1c zephyr/libzephyr.a(onoff.c.obj)
 .text.validate_args
                0x00000000000062b0       0x1e zephyr/libzephyr.a(onoff.c.obj)
 .text.onoff_manager_init
                0x00000000000062ce       0x26 zephyr/libzephyr.a(onoff.c.obj)
                0x00000000000062ce                onoff_manager_init
 .text.onoff_request
                0x00000000000062f4       0x92 zephyr/libzephyr.a(onoff.c.obj)
                0x00000000000062f4                onoff_request
 .text.z_thread_entry
                0x0000000000006386       0x14 zephyr/libzephyr.a(thread_entry.c.obj)
                0x0000000000006386                z_thread_entry
 .text.outs     0x000000000000639a       0x2c zephyr/libzephyr.a(cbprintf_complete.c.obj)
 .text.free_space
                0x00000000000063c6       0x2a zephyr/libzephyr.a(mpsc_pbuf.c.obj)
 .text.get_usage
                0x00000000000063f0       0x22 zephyr/libzephyr.a(mpsc_pbuf.c.obj)
 .text.idx_inc  0x0000000000006412       0x1c zephyr/libzephyr.a(mpsc_pbuf.c.obj)
 .text.add_skip_item
                0x000000000000642e       0x2c zephyr/libzephyr.a(mpsc_pbuf.c.obj)
 .text.max_utilization_update
                0x000000000000645a       0x22 zephyr/libzephyr.a(mpsc_pbuf.c.obj)
 .text.drop_item_locked
                0x000000000000647c       0xb4 zephyr/libzephyr.a(mpsc_pbuf.c.obj)
 .text.mpsc_pbuf_init
                0x0000000000006530       0x42 zephyr/libzephyr.a(mpsc_pbuf.c.obj)
                0x0000000000006530                mpsc_pbuf_init
 .text.mpsc_pbuf_alloc
                0x0000000000006572       0xec zephyr/libzephyr.a(mpsc_pbuf.c.obj)
                0x0000000000006572                mpsc_pbuf_alloc
 .text.mpsc_pbuf_commit
                0x000000000000665e       0x40 zephyr/libzephyr.a(mpsc_pbuf.c.obj)
                0x000000000000665e                mpsc_pbuf_commit
 .text.mpsc_pbuf_claim
                0x000000000000669e       0x98 zephyr/libzephyr.a(mpsc_pbuf.c.obj)
                0x000000000000669e                mpsc_pbuf_claim
 .text.mpsc_pbuf_free
                0x0000000000006736       0x68 zephyr/libzephyr.a(mpsc_pbuf.c.obj)
                0x0000000000006736                mpsc_pbuf_free
 .text.mpsc_pbuf_is_pending
                0x000000000000679e       0x16 zephyr/libzephyr.a(mpsc_pbuf.c.obj)
                0x000000000000679e                mpsc_pbuf_is_pending
 .text._ConfigAbsSyms
                0x00000000000067b4        0x2 zephyr/libzephyr.a(configs.c.obj)
                0x00000000000067b4                _ConfigAbsSyms
 .text.log_msg2_generic_get_wlen
                0x00000000000067b6       0x22 zephyr/libzephyr.a(log_core.c.obj)
 .text.default_get_timestamp
                0x00000000000067d8        0x4 zephyr/libzephyr.a(log_core.c.obj)
 .text.dummy_timestamp
                0x00000000000067dc        0x4 zephyr/libzephyr.a(log_core.c.obj)
 .text.z_log_vprintk
                0x00000000000067e0       0x1c zephyr/libzephyr.a(log_core.c.obj)
                0x00000000000067e0                z_log_vprintk
 .text.notify_drop
                0x00000000000067fc        0x6 zephyr/libzephyr.a(log_core.c.obj)
 .text.get_msg  0x0000000000006802        0x8 zephyr/libzephyr.a(log_core.c.obj)
                0x0000000000006802                get_msg
 .text.z_log_get_tag
                0x000000000000680a        0x4 zephyr/libzephyr.a(log_core.c.obj)
                0x000000000000680a                z_log_get_tag
 .text.buffer_write
                0x000000000000680e       0x1a zephyr/libzephyr.a(log_output.c.obj)
 .text.log_output_flush
                0x0000000000006828       0x1a zephyr/libzephyr.a(log_output.c.obj)
                0x0000000000006828                log_output_flush
 .text.out_func
                0x0000000000006842       0x36 zephyr/libzephyr.a(log_output.c.obj)
 .text.cr_out_func
                0x0000000000006878       0x1a zephyr/libzephyr.a(log_output.c.obj)
 .text.z_log_msg2_finalize
                0x0000000000006892       0x36 zephyr/libzephyr.a(log_msg2.c.obj)
                0x0000000000006892                z_log_msg2_finalize
 .text.z_impl_z_log_msg2_static_create
                0x00000000000068c8       0x8a zephyr/libzephyr.a(log_msg2.c.obj)
                0x00000000000068c8                z_impl_z_log_msg2_static_create
 .text.z_cpp_init_static
                0x0000000000006952        0xe zephyr/libzephyr.a(cpp_init.c.obj)
                0x0000000000006952                z_cpp_init_static
 .text.abort_function
                0x0000000000006960        0x8 zephyr/libzephyr.a(nrf_cc3xx_platform_abort_zephyr.c.obj)
 .text.z_do_kernel_oops
                0x0000000000006968        0x8 zephyr/arch/arch/arm/core/aarch32/libarch__arm__core__aarch32.a(fatal.c.obj)
                0x0000000000006968                z_do_kernel_oops
 .text.z_irq_spurious
                0x0000000000006970        0x8 zephyr/arch/arch/arm/core/aarch32/libarch__arm__core__aarch32.a(irq_manage.c.obj)
                0x0000000000006970                z_irq_spurious
 .text.z_arm_nmi
                0x0000000000006978        0xe zephyr/arch/arch/arm/core/aarch32/libarch__arm__core__aarch32.a(nmi.c.obj)
                0x0000000000006978                z_arm_nmi
 .text.z_log_msg2_static_create.constprop.0
                0x0000000000006986        0x6 zephyr/arch/arch/arm/core/aarch32/cortex_m/libarch__arm__core__aarch32__cortex_m.a(fault.c.obj)
 .text.malloc_prepare
                0x000000000000698c        0x4 zephyr/lib/libc/newlib/liblib__libc__newlib.a(libc-hooks.c.obj)
 .text._stdout_hook_default
                0x0000000000006990        0x6 zephyr/lib/libc/newlib/liblib__libc__newlib.a(libc-hooks.c.obj)
 .text.pm_state_set
                0x0000000000006996       0x18 zephyr/soc/arm/nordic_nrf/nrf52/libsoc__arm__nordic_nrf__nrf52.a(power.c.obj)
                0x0000000000006996                pm_state_set
 .text.pm_state_exit_post_ops
                0x00000000000069ae        0xc zephyr/soc/arm/nordic_nrf/nrf52/libsoc__arm__nordic_nrf__nrf52.a(power.c.obj)
                0x00000000000069ae                pm_state_exit_post_ops
 .text.adc_context_on_timer_expired
                0x00000000000069ba       0x2e zephyr/drivers/adc/libdrivers__adc.a(adc_nrfx_saadc.c.obj)
 .text.get_status
                0x00000000000069e8       0x12 zephyr/drivers/clock_control/libdrivers__clock_control.a(clock_control_nrf.c.obj)
 .text.set_on_state
                0x00000000000069fa       0x26 zephyr/drivers/clock_control/libdrivers__clock_control.a(clock_control_nrf.c.obj)
 .text.stop     0x0000000000006a20       0x54 zephyr/drivers/clock_control/libdrivers__clock_control.a(clock_control_nrf.c.obj)
 .text.api_stop
                0x0000000000006a74        0x6 zephyr/drivers/clock_control/libdrivers__clock_control.a(clock_control_nrf.c.obj)
 .text.async_start
                0x0000000000006a7a       0x60 zephyr/drivers/clock_control/libdrivers__clock_control.a(clock_control_nrf.c.obj)
 .text.api_start
                0x0000000000006ada        0xe zephyr/drivers/clock_control/libdrivers__clock_control.a(clock_control_nrf.c.obj)
 .text.onoff_started_callback
                0x0000000000006ae8        0xc zephyr/drivers/clock_control/libdrivers__clock_control.a(clock_control_nrf.c.obj)
 .text.lfclk_start
                0x0000000000006af4        0x6 zephyr/drivers/clock_control/libdrivers__clock_control.a(clock_control_nrf.c.obj)
 .text.lfclk_stop
                0x0000000000006afa        0x6 zephyr/drivers/clock_control/libdrivers__clock_control.a(clock_control_nrf.c.obj)
 .text.blocking_start_callback
                0x0000000000006b00        0x6 zephyr/drivers/clock_control/libdrivers__clock_control.a(clock_control_nrf.c.obj)
 .text.gpio_nrfx_port_get_raw
                0x0000000000006b06        0xe zephyr/drivers/gpio/libdrivers__gpio.a(gpio_nrfx.c.obj)
 .text.gpio_nrfx_port_set_masked_raw
                0x0000000000006b14       0x16 zephyr/drivers/gpio/libdrivers__gpio.a(gpio_nrfx.c.obj)
 .text.gpio_nrfx_port_set_bits_raw
                0x0000000000006b2a        0xc zephyr/drivers/gpio/libdrivers__gpio.a(gpio_nrfx.c.obj)
 .text.gpio_nrfx_port_clear_bits_raw
                0x0000000000006b36        0xc zephyr/drivers/gpio/libdrivers__gpio.a(gpio_nrfx.c.obj)
 .text.gpio_nrfx_port_toggle_bits
                0x0000000000006b42       0x12 zephyr/drivers/gpio/libdrivers__gpio.a(gpio_nrfx.c.obj)
 .text.gpio_nrfx_manage_callback
                0x0000000000006b54       0x54 zephyr/drivers/gpio/libdrivers__gpio.a(gpio_nrfx.c.obj)
 .text.sys_clock_idle_exit
                0x0000000000006ba8        0x2 zephyr/drivers/timer/libdrivers__timer.a(sys_clock_init.c.obj)
                0x0000000000006ba8                sys_clock_idle_exit
 .text.sys_clock_cycle_get_32
                0x0000000000006baa        0x8 zephyr/drivers/timer/libdrivers__timer.a(nrf_rtc_timer.c.obj)
                0x0000000000006baa                sys_clock_cycle_get_32
 .text.hw_cc3xx_init_internal
                0x0000000000006bb2        0x4 modules/nrf/drivers/hw_cc310/lib..__nrf__drivers__hw_cc310.a(hw_cc310.c.obj)
 .text.hw_cc3xx_init
                0x0000000000006bb6       0x12 modules/nrf/drivers/hw_cc310/lib..__nrf__drivers__hw_cc310.a(hw_cc310.c.obj)
 .text.nrf52_errata_36
                0x0000000000006bc8       0x12 modules/hal_nordic/nrfx/libmodules__hal_nordic__nrfx.a(system_nrf52840.c.obj)
 .text.nrfx_isr
                0x0000000000006bda        0x2 modules/hal_nordic/nrfx/libmodules__hal_nordic__nrfx.a(nrfx_glue.c.obj)
                0x0000000000006bda                nrfx_isr
 .text.nrfx_busy_wait
                0x0000000000006bdc        0x4 modules/hal_nordic/nrfx/libmodules__hal_nordic__nrfx.a(nrfx_glue.c.obj)
                0x0000000000006bdc                nrfx_busy_wait
 .text.nrfx_clock_enable
                0x0000000000006be0       0x1a modules/hal_nordic/nrfx/libmodules__hal_nordic__nrfx.a(nrfx_clock.c.obj)
                0x0000000000006be0                nrfx_clock_enable
 .text.nrfx_clock_start
                0x0000000000006bfa       0x76 modules/hal_nordic/nrfx/libmodules__hal_nordic__nrfx.a(nrfx_clock.c.obj)
                0x0000000000006bfa                nrfx_clock_start
 .text.nrfx_clock_stop
                0x0000000000006c70        0x4 modules/hal_nordic/nrfx/libmodules__hal_nordic__nrfx.a(nrfx_clock.c.obj)
                0x0000000000006c70                nrfx_clock_stop
 .text.nrf_gpio_reconfigure
                0x0000000000006c74       0x8e modules/hal_nordic/nrfx/libmodules__hal_nordic__nrfx.a(nrfx_gpiote.c.obj)
 .text.nrf_gpio_cfg_sense_set
                0x0000000000006d02       0x1e modules/hal_nordic/nrfx/libmodules__hal_nordic__nrfx.a(nrfx_gpiote.c.obj)
 .text._GetAvailWriteSpace
                0x0000000000006d20       0x12 modules/segger/libmodules__segger.a(SEGGER_RTT.c.obj)
 .text._WriteNoCheck
                0x0000000000006d32       0x3a modules/segger/libmodules__segger.a(SEGGER_RTT.c.obj)
 .text._WriteBlocking
                0x0000000000006d6c       0x52 modules/segger/libmodules__segger.a(SEGGER_RTT.c.obj)
 .text.SEGGER_RTT_Init
                0x0000000000006dbe        0x4 modules/segger/libmodules__segger.a(SEGGER_RTT.c.obj)
                0x0000000000006dbe                SEGGER_RTT_Init
 .text.rtt_init
                0x0000000000006dc2        0xa modules/segger/libmodules__segger.a(SEGGER_RTT_zephyr.c.obj)
 .text.z_device_state_init
                0x0000000000006dcc        0x2 zephyr/kernel/libkernel.a(device.c.obj)
                0x0000000000006dcc                z_device_state_init
 .text.z_device_is_ready
                0x0000000000006dce       0x14 zephyr/kernel/libkernel.a(device.c.obj)
                0x0000000000006dce                z_device_is_ready
 .text.z_early_memset
                0x0000000000006de2        0x4 zephyr/kernel/libkernel.a(init.c.obj)
                0x0000000000006de2                z_early_memset
 .text.z_early_memcpy
                0x0000000000006de6        0x4 zephyr/kernel/libkernel.a(init.c.obj)
                0x0000000000006de6                z_early_memcpy
 .text.k_mem_slab_init
                0x0000000000006dea       0x38 zephyr/kernel/libkernel.a(mem_slab.c.obj)
                0x0000000000006dea                k_mem_slab_init
 .text.k_mem_slab_free
                0x0000000000006e22       0x52 zephyr/kernel/libkernel.a(mem_slab.c.obj)
                0x0000000000006e22                k_mem_slab_free
 .text.k_is_in_isr
                0x0000000000006e74        0xc zephyr/kernel/libkernel.a(thread.c.obj)
                0x0000000000006e74                k_is_in_isr
 .text.z_impl_k_thread_name_set
                0x0000000000006e80        0x6 zephyr/kernel/libkernel.a(thread.c.obj)
                0x0000000000006e80                z_impl_k_thread_name_set
 .text.k_thread_name_get
                0x0000000000006e86        0x4 zephyr/kernel/libkernel.a(thread.c.obj)
                0x0000000000006e86                k_thread_name_get
 .text.z_pm_save_idle_exit
                0x0000000000006e8a        0xe zephyr/kernel/libkernel.a(idle.c.obj)
                0x0000000000006e8a                z_pm_save_idle_exit
 .text.adjust_owner_prio.isra.0
                0x0000000000006e98       0x10 zephyr/kernel/libkernel.a(mutex.c.obj)
 .text.z_impl_k_mutex_init
                0x0000000000006ea8        0xe zephyr/kernel/libkernel.a(mutex.c.obj)
                0x0000000000006ea8                z_impl_k_mutex_init
 .text.z_impl_k_sem_init
                0x0000000000006eb6       0x18 zephyr/kernel/libkernel.a(sem.c.obj)
                0x0000000000006eb6                z_impl_k_sem_init
 .text.sys_dlist_remove
                0x0000000000006ece       0x10 zephyr/kernel/libkernel.a(sched.c.obj)
 .text.unpend_thread_no_timeout
                0x0000000000006ede       0x14 zephyr/kernel/libkernel.a(sched.c.obj)
 .text.z_unpend_thread_no_timeout
                0x0000000000006ef2       0x20 zephyr/kernel/libkernel.a(sched.c.obj)
                0x0000000000006ef2                z_unpend_thread_no_timeout
 .text.z_reschedule_irqlock
                0x0000000000006f12       0x18 zephyr/kernel/libkernel.a(sched.c.obj)
                0x0000000000006f12                z_reschedule_irqlock
 .text.z_reschedule_unlocked
                0x0000000000006f2a       0x14 zephyr/kernel/libkernel.a(sched.c.obj)
 .text.z_priq_dumb_best
                0x0000000000006f3e        0xc zephyr/kernel/libkernel.a(sched.c.obj)
                0x0000000000006f3e                z_priq_dumb_best
 .text.z_ready_thread
                0x0000000000006f4a       0x20 zephyr/kernel/libkernel.a(sched.c.obj)
                0x0000000000006f4a                z_ready_thread
 .text.z_thread_timeout
                0x0000000000006f6a       0x44 zephyr/kernel/libkernel.a(sched.c.obj)
                0x0000000000006f6a                z_thread_timeout
 .text.add_to_waitq_locked
                0x0000000000006fae       0x54 zephyr/kernel/libkernel.a(sched.c.obj)
 .text.z_unpend1_no_timeout
                0x0000000000007002       0x2a zephyr/kernel/libkernel.a(sched.c.obj)
                0x0000000000007002                z_unpend1_no_timeout
 .text.z_unpend_first_thread
                0x000000000000702c       0x30 zephyr/kernel/libkernel.a(sched.c.obj)
                0x000000000000702c                z_unpend_first_thread
 .text.z_abort_timeout
                0x000000000000705c       0x2c zephyr/kernel/libkernel.a(timeout.c.obj)
                0x000000000000705c                z_abort_timeout
 .text.z_get_next_timeout_expiry
                0x0000000000007088       0x20 zephyr/kernel/libkernel.a(timeout.c.obj)
                0x0000000000007088                z_get_next_timeout_expiry
 .text.z_set_timeout_expiry
                0x00000000000070a8       0x34 zephyr/kernel/libkernel.a(timeout.c.obj)
                0x00000000000070a8                z_set_timeout_expiry
 .text.sys_clock_tick_get_32
                0x00000000000070dc        0x8 zephyr/kernel/libkernel.a(timeout.c.obj)
                0x00000000000070dc                sys_clock_tick_get_32
 .text.z_impl_k_busy_wait
                0x00000000000070e4        0x8 zephyr/kernel/libkernel.a(timeout.c.obj)
                0x00000000000070e4                z_impl_k_busy_wait
 .text.k_timer_init
                0x00000000000070ec       0x18 zephyr/kernel/libkernel.a(timer.c.obj)
                0x00000000000070ec                k_timer_init
 .text.z_impl_k_timer_stop
                0x0000000000007104       0x3a zephyr/kernel/libkernel.a(timer.c.obj)
                0x0000000000007104                z_impl_k_timer_stop
 .text._OffsetAbsSyms
                0x000000000000713e        0x2 zephyr/CMakeFiles/offsets.dir/./arch/arm/core/offsets/offsets.c.obj
                0x000000000000713e                _OffsetAbsSyms
 .text.memcpy   0x0000000000007140       0x1c /home/stan/ncs/toolchains/v2.0.0/opt/zephyr-sdk/arm-zephyr-eabi/arm-zephyr-eabi/lib/thumb/v7e-m/nofp/libc_nano.a(lib_a-memcpy-stub.o)
                0x0000000000007140                memcpy
 .text.__memcpy_chk
                0x000000000000715c       0x26 /home/stan/ncs/toolchains/v2.0.0/opt/zephyr-sdk/arm-zephyr-eabi/arm-zephyr-eabi/lib/thumb/v7e-m/nofp/libc_nano.a(lib_a-memcpy_chk.o)
                0x000000000000715c                __memcpy_chk
 .text.memset   0x0000000000007182       0x10 /home/stan/ncs/toolchains/v2.0.0/opt/zephyr-sdk/arm-zephyr-eabi/arm-zephyr-eabi/lib/thumb/v7e-m/nofp/libc_nano.a(lib_a-memset.o)
                0x0000000000007182                memset
 .text.strcpy   0x0000000000007192       0x10 /home/stan/ncs/toolchains/v2.0.0/opt/zephyr-sdk/arm-zephyr-eabi/arm-zephyr-eabi/lib/thumb/v7e-m/nofp/libc_nano.a(lib_a-strcpy.o)
                0x0000000000007192                strcpy
 .text.strnlen  0x00000000000071a2       0x18 /home/stan/ncs/toolchains/v2.0.0/opt/zephyr-sdk/arm-zephyr-eabi/arm-zephyr-eabi/lib/thumb/v7e-m/nofp/libc_nano.a(lib_a-strnlen.o)
                0x00000000000071a2                strnlen
 *(SORT_BY_ALIGNMENT(.TEXT.*))
 *fill*         0x00000000000071ba        0x2 
 .TEXT.z_arm_platform_init
                0x00000000000071bc        0x4 zephyr/libzephyr.a(soc_nrf_common.S.obj)
                0x00000000000071bc                z_arm_platform_init
 *(SORT_BY_ALIGNMENT(.gnu.linkonce.t.*))
 *(SORT_BY_ALIGNMENT(.glue_7t))
 .glue_7t       0x00000000000071c0        0x0 linker stubs
 *(SORT_BY_ALIGNMENT(.glue_7))
 .glue_7        0x00000000000071c0        0x0 linker stubs
 *(SORT_BY_ALIGNMENT(.vfp11_veneer))
 .vfp11_veneer  0x00000000000071c0        0x0 linker stubs
 *(SORT_BY_ALIGNMENT(.v4_bx))
 .v4_bx         0x00000000000071c0        0x0 linker stubs
                0x00000000000071c0                __text_region_end = .

.ARM.extab
 *(SORT_BY_ALIGNMENT(.ARM.extab*) SORT_BY_ALIGNMENT(.gnu.linkonce.armextab.*))

.ARM.exidx      0x00000000000071c0        0x8
                0x00000000000071c0                __exidx_start = .
 *(SORT_BY_ALIGNMENT(.ARM.exidx*) SORT_BY_ALIGNMENT(gnu.linkonce.armexidx.*))
 .ARM.exidx     0x00000000000071c0        0x8 /home/stan/ncs/toolchains/v2.0.0/opt/zephyr-sdk/arm-zephyr-eabi/bin/../lib/gcc/arm-zephyr-eabi/10.3.0/thumb/v7e-m/nofp/libgcc.a(_udivmoddi4.o)
                0x00000000000071c8                __exidx_end = .
                0x00000000000071c8                __rodata_region_start = .

initlevel       0x00000000000071c8       0x78
                0x00000000000071c8                __init_start = .
                0x00000000000071c8                __init_PRE_KERNEL_1_start = .
 *(SORT_BY_NAME(SORT_BY_ALIGNMENT(.z_init_PRE_KERNEL_1[0-9]_*)))
 .z_init_PRE_KERNEL_10_
                0x00000000000071c8        0x8 zephyr/soc/arm/nordic_nrf/nrf52/libsoc__arm__nordic_nrf__nrf52.a(soc.c.obj)
 *(SORT_BY_NAME(SORT_BY_ALIGNMENT(.z_init_PRE_KERNEL_1[1-9][0-9]_*)))
 .z_init_PRE_KERNEL_130_
                0x00000000000071d0        0x8 zephyr/drivers/clock_control/libdrivers__clock_control.a(clock_control_nrf.c.obj)
 .z_init_PRE_KERNEL_130_
                0x00000000000071d8        0x8 modules/segger/libmodules__segger.a(SEGGER_RTT_zephyr.c.obj)
 .z_init_PRE_KERNEL_130_
                0x00000000000071e0        0x8 zephyr/kernel/libkernel.a(mem_slab.c.obj)
 .z_init_PRE_KERNEL_140_
                0x00000000000071e8        0x8 zephyr/drivers/console/libdrivers__console.a(rtt_console.c.obj)
 .z_init_PRE_KERNEL_140_
                0x00000000000071f0       0x10 zephyr/drivers/gpio/libdrivers__gpio.a(gpio_nrfx.c.obj)
 .z_init_PRE_KERNEL_140_
                0x0000000000007200        0x8 modules/nrf/drivers/hw_cc310/lib..__nrf__drivers__hw_cc310.a(hw_cc310.c.obj)
                0x0000000000007208                __init_PRE_KERNEL_2_start = .
 *(SORT_BY_NAME(SORT_BY_ALIGNMENT(.z_init_PRE_KERNEL_2[0-9]_*)))
 .z_init_PRE_KERNEL_20_
                0x0000000000007208        0x8 zephyr/drivers/timer/libdrivers__timer.a(nrf_rtc_timer.c.obj)
 *(SORT_BY_NAME(SORT_BY_ALIGNMENT(.z_init_PRE_KERNEL_2[1-9][0-9]_*)))
                0x0000000000007210                __init_POST_KERNEL_start = .
 *(SORT_BY_NAME(SORT_BY_ALIGNMENT(.z_init_POST_KERNEL[0-9]_*)))
 .z_init_POST_KERNEL0_
                0x0000000000007210        0x8 zephyr/libzephyr.a(log_core.c.obj)
 *(SORT_BY_NAME(SORT_BY_ALIGNMENT(.z_init_POST_KERNEL[1-9][0-9]_*)))
 .z_init_POST_KERNEL40_
                0x0000000000007218        0x8 zephyr/libzephyr.a(disk_access.c.obj)
 .z_init_POST_KERNEL40_
                0x0000000000007220        0x8 modules/nrf/drivers/hw_cc310/lib..__nrf__drivers__hw_cc310.a(hw_cc310.c.obj)
 .z_init_POST_KERNEL50_
                0x0000000000007228        0x8 zephyr/drivers/adc/libdrivers__adc.a(adc_nrfx_saadc.c.obj)
                0x0000000000007230                __init_APPLICATION_start = .
 *(SORT_BY_NAME(SORT_BY_ALIGNMENT(.z_init_APPLICATION[0-9]_*)))
 *(SORT_BY_NAME(SORT_BY_ALIGNMENT(.z_init_APPLICATION[1-9][0-9]_*)))
 .z_init_APPLICATION40_
                0x0000000000007230        0x8 zephyr/lib/libc/newlib/liblib__libc__newlib.a(libc-hooks.c.obj)
 .z_init_APPLICATION90_
                0x0000000000007238        0x8 app/libapp.a(battery.cpp.obj)
                0x0000000000007240                __init_SMP_start = .
 *(SORT_BY_NAME(SORT_BY_ALIGNMENT(.z_init_SMP[0-9]_*)))
 *(SORT_BY_NAME(SORT_BY_ALIGNMENT(.z_init_SMP[1-9][0-9]_*)))
                0x0000000000007240                __init_end = .

devices         0x0000000000007240       0x60
                0x0000000000007240                __device_start = .
                0x0000000000007240                __device_PRE_KERNEL_1_start = .
 *(SORT_BY_NAME(SORT_BY_ALIGNMENT(.z_device_PRE_KERNEL_1[0-9]_*)))
 *(SORT_BY_NAME(SORT_BY_ALIGNMENT(.z_device_PRE_KERNEL_1[1-9][0-9]_*)))
 .z_device_PRE_KERNEL_130_
                0x0000000000007240       0x18 zephyr/drivers/clock_control/libdrivers__clock_control.a(clock_control_nrf.c.obj)
                0x0000000000007240                __device_dts_ord_24
 .z_device_PRE_KERNEL_140_
                0x0000000000007258       0x30 zephyr/drivers/gpio/libdrivers__gpio.a(gpio_nrfx.c.obj)
                0x0000000000007258                __device_dts_ord_17
                0x0000000000007270                __device_dts_ord_12
                0x0000000000007288                __device_PRE_KERNEL_2_start = .
 *(SORT_BY_NAME(SORT_BY_ALIGNMENT(.z_device_PRE_KERNEL_2[0-9]_*)))
 *(SORT_BY_NAME(SORT_BY_ALIGNMENT(.z_device_PRE_KERNEL_2[1-9][0-9]_*)))
                0x0000000000007288                __device_POST_KERNEL_start = .
 *(SORT_BY_NAME(SORT_BY_ALIGNMENT(.z_device_POST_KERNEL[0-9]_*)))
 *(SORT_BY_NAME(SORT_BY_ALIGNMENT(.z_device_POST_KERNEL[1-9][0-9]_*)))
 .z_device_POST_KERNEL50_
                0x0000000000007288       0x18 zephyr/drivers/adc/libdrivers__adc.a(adc_nrfx_saadc.c.obj)
                0x0000000000007288                __device_dts_ord_9
                0x00000000000072a0                __device_APPLICATION_start = .
 *(SORT_BY_NAME(SORT_BY_ALIGNMENT(.z_device_APPLICATION[0-9]_*)))
 *(SORT_BY_NAME(SORT_BY_ALIGNMENT(.z_device_APPLICATION[1-9][0-9]_*)))
                0x00000000000072a0                __device_SMP_start = .
 *(SORT_BY_NAME(SORT_BY_ALIGNMENT(.z_device_SMP[0-9]_*)))
 *(SORT_BY_NAME(SORT_BY_ALIGNMENT(.z_device_SMP[1-9][0-9]_*)))
                0x00000000000072a0                __device_end = .

sw_isr_table    0x00000000000072a0      0x180
                0x00000000000072a0                . = ALIGN (0x0)
 *(SORT_BY_ALIGNMENT(.gnu.linkonce.sw_isr_table*))
 .gnu.linkonce.sw_isr_table
                0x00000000000072a0      0x180 zephyr/CMakeFiles/zephyr_final.dir/isr_tables.c.obj
                0x00000000000072a0                _sw_isr_table

initlevel_error
                0x00000000000071c8        0x0
 *(SORT_BY_NAME(SORT_BY_ALIGNMENT(.z_init_[_A-Z0-9]*)))
                0x0000000000000001                ASSERT ((SIZEOF (initlevel_error) == 0x0), Undefined initialization levels used.)

ctors           0x0000000000007420        0x8
                0x0000000000007420                . = ALIGN (0x4)
                0x0000000000007420                __CTOR_LIST__ = .
                0x0000000000007420        0x4 LONG 0x0 (((__CTOR_END__ - __CTOR_LIST__) / 0x4) - 0x2)
 *(SORT_BY_NAME(SORT_BY_ALIGNMENT(.ctors*)))
                0x0000000000007424        0x4 LONG 0x0
                0x0000000000007428                __CTOR_END__ = .

init_array      0x0000000000007428        0x0
                0x0000000000007428                . = ALIGN (0x4)
                0x0000000000007428                __init_array_start = .
 *(SORT_BY_NAME(SORT_BY_ALIGNMENT(.init_array*)))
                0x0000000000007428                __init_array_end = .

app_shmem_regions
                0x0000000000007428        0x0
                0x0000000000007428                __app_shmem_regions_start = .
 *(SORT_BY_NAME(SORT_BY_ALIGNMENT(.app_regions.*)))
                0x0000000000007428                __app_shmem_regions_end = .

bt_l2cap_fixed_chan_area
                0x0000000000007428        0x0
                0x0000000000007428                _bt_l2cap_fixed_chan_list_start = .
 *(SORT_BY_NAME(SORT_BY_ALIGNMENT(._bt_l2cap_fixed_chan.static.*)))
                0x0000000000007428                _bt_l2cap_fixed_chan_list_end = .

bt_gatt_service_static_area
                0x0000000000007428        0x0
                0x0000000000007428                _bt_gatt_service_static_list_start = .
 *(SORT_BY_NAME(SORT_BY_ALIGNMENT(._bt_gatt_service_static.static.*)))
                0x0000000000007428                _bt_gatt_service_static_list_end = .

k_p4wq_initparam_area
                0x0000000000007428        0x0
                0x0000000000007428                _k_p4wq_initparam_list_start = .
 *(SORT_BY_NAME(SORT_BY_ALIGNMENT(._k_p4wq_initparam.static.*)))
                0x0000000000007428                _k_p4wq_initparam_list_end = .

log_strings_sections
                0x0000000000007428        0x0
                0x0000000000007428                __log_strings_start = .
 *(SORT_BY_NAME(SORT_BY_ALIGNMENT(.log_strings*)))
                0x0000000000007428                __log_strings_end = .

log_const_sections
                0x0000000000007428       0x68
                0x0000000000007428                __log_const_start = .
 *(SORT_BY_NAME(SORT_BY_ALIGNMENT(.log_const_*)))
 .log_const_BATTERY
                0x0000000000007428        0x8 app/libapp.a(battery.cpp.obj)
                0x0000000000007428                log_const_BATTERY
 .log_const_adc_nrfx_saadc
                0x0000000000007430        0x8 zephyr/drivers/adc/libdrivers__adc.a(adc_nrfx_saadc.c.obj)
                0x0000000000007430                log_const_adc_nrfx_saadc
 .log_const_app
                0x0000000000007438        0x8 app/libapp.a(main.cpp.obj)
                0x0000000000007438                log_const_app
 .log_const_buildin_led
                0x0000000000007440        0x8 app/libapp.a(buildin-led.cpp.obj)
                0x0000000000007440                log_const_buildin_led
 .log_const_clock_control
                0x0000000000007448        0x8 zephyr/drivers/clock_control/libdrivers__clock_control.a(clock_control_nrf.c.obj)
                0x0000000000007448                log_const_clock_control
 .log_const_disk
                0x0000000000007450        0x8 zephyr/libzephyr.a(disk_access.c.obj)
                0x0000000000007450                log_const_disk
 .log_const_fatal_error
                0x0000000000007458        0x8 modules/nrf/lib/fatal_error/lib..__nrf__lib__fatal_error.a(fatal_error.c.obj)
                0x0000000000007458                log_const_fatal_error
 .log_const_log
                0x0000000000007460        0x8 zephyr/libzephyr.a(log_core.c.obj)
                0x0000000000007460                log_const_log
 .log_const_mpu
                0x0000000000007468        0x8 zephyr/arch/arch/arm/core/aarch32/mpu/libarch__arm__core__aarch32__mpu.a(arm_core_mpu.c.obj)
                0x0000000000007468                log_const_mpu
 .log_const_os  0x0000000000007470        0x8 zephyr/kernel/libkernel.a(init.c.obj)
                0x0000000000007470                log_const_os
 .log_const_pm  0x0000000000007478        0x8 zephyr/libzephyr.a(pm.c.obj)
                0x0000000000007478                log_const_pm
 .log_const_soc
                0x0000000000007480        0x8 zephyr/soc/arm/nordic_nrf/nrf52/libsoc__arm__nordic_nrf__nrf52.a(soc.c.obj)
                0x0000000000007480                log_const_soc
 .log_const_status_codes
                0x0000000000007488        0x8 app/libapp.a(status_codes.cpp.obj)
                0x0000000000007488                log_const_status_codes
                0x0000000000007490                __log_const_end = .

log_backends_sections
                0x0000000000007490       0x10
                0x0000000000007490                __log_backends_start = .
 *(SORT_BY_ALIGNMENT(._log_backend.*))
 ._log_backend.static.log_backend_rtt
                0x0000000000007490       0x10 zephyr/libzephyr.a(log_backend_rtt.c.obj)
                0x00000000000074a0                __log_backends_end = .

shell_area      0x00000000000074a0        0x0
                0x00000000000074a0                _shell_list_start = .
 *(SORT_BY_NAME(SORT_BY_ALIGNMENT(._shell.static.*)))
                0x00000000000074a0                _shell_list_end = .

shell_root_cmds_sections
                0x00000000000074a0        0x0
                0x00000000000074a0                __shell_root_cmds_start = .
 *(SORT_BY_NAME(SORT_BY_ALIGNMENT(.shell_root_cmd_*)))
                0x00000000000074a0                __shell_root_cmds_end = .

font_entry_sections
                0x00000000000074a0        0x0
                0x00000000000074a0                __font_entry_start = .
 *(SORT_BY_NAME(SORT_BY_ALIGNMENT(._cfb_font.*)))
                0x00000000000074a0                __font_entry_end = .

tracing_backend_area
                0x00000000000074a0        0x0
                0x00000000000074a0                _tracing_backend_list_start = .
 *(SORT_BY_NAME(SORT_BY_ALIGNMENT(._tracing_backend.static.*)))
                0x00000000000074a0                _tracing_backend_list_end = .

zephyr_dbg_info
 *(SORT_BY_ALIGNMENT(.dbg_thread_info))

device_handles  0x00000000000074a0       0x18
                0x00000000000074a0                __device_handles_start = .
 *(SORT_BY_NAME(SORT_BY_ALIGNMENT(.__device_handles_pass2*)))
 .__device_handles_pass2
                0x00000000000074a0       0x18 zephyr/CMakeFiles/zephyr_final.dir/dev_handles.c.obj
                0x00000000000074a0                __devicehdl_DT_N_S_soc_S_adc_40007000
                0x00000000000074a6                __devicehdl_DT_N_S_soc_S_gpio_50000300
                0x00000000000074ac                __devicehdl_DT_N_S_soc_S_gpio_50000000
                0x00000000000074b2                __devicehdl_DT_N_S_soc_S_clock_40000000
                0x00000000000074b8                __device_handles_end = .

rodata          0x00000000000074c0      0xbec
 *(SORT_BY_ALIGNMENT(.rodata))
 *(SORT_BY_ALIGNMENT(.rodata.*))
 .rodata.delay_machine_code.0
                0x00000000000074c0        0x6 zephyr/soc/arm/nordic_nrf/nrf52/libsoc__arm__nordic_nrf__nrf52.a(soc.c.obj)
 *fill*         0x00000000000074c6        0x2 
 .rodata.format_table
                0x00000000000074c8        0xc zephyr/libzephyr.a(log_core.c.obj)
 .rodata.mpsc_config
                0x00000000000074d4       0x14 zephyr/libzephyr.a(log_core.c.obj)
 .rodata.colors
                0x00000000000074e8       0x14 zephyr/libzephyr.a(log_output.c.obj)
 .rodata.severity
                0x00000000000074fc       0x14 zephyr/libzephyr.a(log_output.c.obj)
 .rodata.log_backend_rtt_api
                0x0000000000007510       0x20 zephyr/libzephyr.a(log_backend_rtt.c.obj)
                0x0000000000007510                log_backend_rtt_api
 .rodata.log_output_rtt
                0x0000000000007530       0x10 zephyr/libzephyr.a(log_backend_rtt.c.obj)
 .rodata.pmstates_DT_N_S_cpus_S_cpu_0
                0x0000000000007540        0x0 zephyr/libzephyr.a(state.c.obj)
 .rodata.apis   0x0000000000007540        0x8 zephyr/libzephyr.a(nrf_cc3xx_platform_abort_zephyr.c.obj)
 .rodata.mutex_apis
                0x0000000000007548       0x10 zephyr/libzephyr.a(nrf_cc3xx_platform_mutex_zephyr.c.obj)
 .rodata.mutexes
                0x0000000000007558       0x14 zephyr/libzephyr.a(nrf_cc3xx_platform_mutex_zephyr.c.obj)
 .rodata.static_regions
                0x000000000000756c        0xc zephyr/arch/arch/arm/core/aarch32/mpu/libarch__arm__core__aarch32__mpu.a(arm_core_mpu.c.obj)
 .rodata.mpu_config
                0x0000000000007578        0x8 zephyr/soc/arm/common/cortex_m/libsoc__arm__common__cortex_m.a(arm_mpu_regions.c.obj)
                0x0000000000007578                mpu_config
 .rodata.mpu_regions
                0x0000000000007580       0x18 zephyr/soc/arm/common/cortex_m/libsoc__arm__common__cortex_m.a(arm_mpu_regions.c.obj)
 .rodata.adc_nrfx_driver_api
                0x0000000000007598        0xc zephyr/drivers/adc/libdrivers__adc.a(adc_nrfx_saadc.c.obj)
 .rodata.clock_control_api
                0x00000000000075a4       0x18 zephyr/drivers/clock_control/libdrivers__clock_control.a(clock_control_nrf.c.obj)
 .rodata.config
                0x00000000000075bc       0x18 zephyr/drivers/clock_control/libdrivers__clock_control.a(clock_control_nrf.c.obj)
 .rodata.transitions.0
                0x00000000000075d4        0xc zephyr/drivers/clock_control/libdrivers__clock_control.a(clock_control_nrf.c.obj)
 .rodata.gpio_nrfx_drv_api_funcs
                0x00000000000075e0       0x24 zephyr/drivers/gpio/libdrivers__gpio.a(gpio_nrfx.c.obj)
 .rodata.gpio_nrfx_p0_cfg
                0x0000000000007604       0x10 zephyr/drivers/gpio/libdrivers__gpio.a(gpio_nrfx.c.obj)
 .rodata.gpio_nrfx_p1_cfg
                0x0000000000007614       0x10 zephyr/drivers/gpio/libdrivers__gpio.a(gpio_nrfx.c.obj)
 .rodata.levels.0
                0x0000000000007624       0x14 zephyr/kernel/libkernel.a(device.c.obj)
 .rodata._k_neg_eagain
                0x0000000000007638        0x4 zephyr/kernel/libkernel.a(errno.c.obj)
                0x0000000000007638                _k_neg_eagain
 .rodata.CSWTCH.450
                0x000000000000763c       0x14 zephyr/kernel/libkernel.a(fatal.c.obj)
 .rodata.CSWTCH.12
                0x0000000000007650       0x1c /home/stan/ncs/v2.0.0/nrfxlib/crypto/nrf_cc310_platform/lib/cortex-m4/soft-float/no-interrupts/libnrf_cc310_platform_0.9.14.a(nrf_cc3xx_platform.c.obj)
 .rodata.mutex_free.str1.4
                0x000000000000766c       0x26 /home/stan/ncs/v2.0.0/nrfxlib/crypto/nrf_cc310_platform/lib/cortex-m4/soft-float/no-interrupts/libnrf_cc310_platform_0.9.14.a(nrf_cc3xx_platform_mutex.c.obj)
 *fill*         0x0000000000007692        0x2 
 .rodata.mutex_init.str1.4
                0x0000000000007694       0x23 /home/stan/ncs/v2.0.0/nrfxlib/crypto/nrf_cc310_platform/lib/cortex-m4/soft-float/no-interrupts/libnrf_cc310_platform_0.9.14.a(nrf_cc3xx_platform_mutex.c.obj)
 *fill*         0x00000000000076b7        0x1 
 .rodata.CC_PalPowerSaveModeInit.str1.4
                0x00000000000076b8       0x20 /home/stan/ncs/v2.0.0/nrfxlib/crypto/nrf_cc310_platform/lib/cortex-m4/soft-float/no-interrupts/libnrf_cc310_platform_0.9.14.a(cc_pal_pm.c.obj)
 .rodata.main.str1.1
                0x00000000000076d8       0x15 app/libapp.a(main.cpp.obj)
 .rodata.str1.1
                0x00000000000076ed        0x4 app/libapp.a(main.cpp.obj)
 .rodata._Z16buildin_led_initv.str1.1
                0x00000000000076f1        0x7 app/libapp.a(buildin-led.cpp.obj)
 .rodata.str1.1
                0x00000000000076f8        0xc app/libapp.a(buildin-led.cpp.obj)
 .rodata.str1.1
                0x0000000000007704        0xd app/libapp.a(status_codes.cpp.obj)
 .rodata._ZL13battery_setupPK6device.str1.1
                0x0000000000007711       0x43 app/libapp.a(battery.cpp.obj)
 .rodata.str1.1
                0x0000000000007754        0x8 app/libapp.a(battery.cpp.obj)
 .rodata.cbvprintf.str1.1
                0x000000000000775c        0x6 zephyr/libzephyr.a(cbprintf_complete.c.obj)
 .rodata.sys_reboot.str1.1
                0x0000000000007762       0x29 zephyr/libzephyr.a(reboot.c.obj)
 .rodata.enable_logger.str1.1
                0x000000000000778b        0x8 zephyr/libzephyr.a(log_core.c.obj)
 .rodata.str1.1
                0x0000000000007793        0x4 zephyr/libzephyr.a(log_core.c.obj)
 .rodata.hexdump_line_print.str1.1
                0x0000000000007797       0x12 zephyr/libzephyr.a(log_output.c.obj)
                                         0x16 (size before relaxing)
 .rodata.prefix_print.str1.1
                0x00000000000077a9       0x3d zephyr/libzephyr.a(log_output.c.obj)
                                         0x40 (size before relaxing)
 .rodata.log_output_dropped_process.str1.1
                0x00000000000077e6       0x3d zephyr/libzephyr.a(log_output.c.obj)
                                          0x3 (size before relaxing)
 .rodata.str1.1
                0x00000000000077e6       0x20 zephyr/libzephyr.a(log_output.c.obj)
 .rodata.postfix.0
                0x0000000000007806       0x1c zephyr/libzephyr.a(log_output.c.obj)
 .rodata.prefix.1
                0x0000000000007822        0xc zephyr/libzephyr.a(log_output.c.obj)
 .rodata.str1.1
                0x000000000000782e       0x10 zephyr/libzephyr.a(log_backend_rtt.c.obj)
 .rodata.str1.1
                0x000000000000783e        0x5 zephyr/libzephyr.a(disk_access.c.obj)
 .rodata.str1.1
                0x0000000000007843        0x3 zephyr/libzephyr.a(pm.c.obj)
 .rodata.mutex_free_platform.str1.1
                0x0000000000007846       0x26 zephyr/libzephyr.a(nrf_cc3xx_platform_mutex_zephyr.c.obj)
 .rodata.mutex_init_platform.str1.1
                0x000000000000786c       0x2d zephyr/libzephyr.a(nrf_cc3xx_platform_mutex_zephyr.c.obj)
 .rodata.z_arm_fatal_error.str1.1
                0x0000000000007899       0x9b zephyr/arch/arch/arm/core/aarch32/libarch__arm__core__aarch32.a(fatal.c.obj)
 .rodata.mem_manage_fault.constprop.0.str1.1
                0x0000000000007934       0xd8 zephyr/arch/arch/arm/core/aarch32/cortex_m/libarch__arm__core__aarch32__cortex_m.a(fault.c.obj)
 .rodata.bus_fault.constprop.0.str1.1
                0x0000000000007a0c       0x88 zephyr/arch/arch/arm/core/aarch32/cortex_m/libarch__arm__core__aarch32__cortex_m.a(fault.c.obj)
 .rodata.usage_fault.constprop.0.str1.1
                0x0000000000007a94       0xcd zephyr/arch/arch/arm/core/aarch32/cortex_m/libarch__arm__core__aarch32__cortex_m.a(fault.c.obj)
 .rodata.z_arm_fault.str1.1
                0x0000000000007b61      0x111 zephyr/arch/arch/arm/core/aarch32/cortex_m/libarch__arm__core__aarch32__cortex_m.a(fault.c.obj)
 .rodata.str1.1
                0x0000000000007c72        0x4 zephyr/arch/arch/arm/core/aarch32/mpu/libarch__arm__core__aarch32__mpu.a(arm_core_mpu.c.obj)
 .rodata.mpu_configure_regions.str1.1
                0x0000000000007c76       0x49 zephyr/arch/arch/arm/core/aarch32/mpu/libarch__arm__core__aarch32__mpu.a(arm_mpu.c.obj)
 .rodata.chk_fail_msg.0
                0x0000000000007cbf       0x1e zephyr/lib/libc/newlib/liblib__libc__newlib.a(libc-hooks.c.obj)
 .rodata.str1.1
                0x0000000000007cdd        0xf zephyr/soc/arm/common/cortex_m/libsoc__arm__common__cortex_m.a(arm_mpu_regions.c.obj)
 .rodata.str1.1
                0x0000000000007cec        0x4 zephyr/soc/arm/nordic_nrf/nrf52/libsoc__arm__nordic_nrf__nrf52.a(soc.c.obj)
 .rodata.adc_nrfx_channel_setup.str1.1
                0x0000000000007cf0       0x6e zephyr/drivers/adc/libdrivers__adc.a(adc_nrfx_saadc.c.obj)
 .rodata.adc_nrfx_read.str1.1
                0x0000000000007d5e       0xd7 zephyr/drivers/adc/libdrivers__adc.a(adc_nrfx_saadc.c.obj)
 .rodata.str1.1
                0x0000000000007e35       0x15 zephyr/drivers/adc/libdrivers__adc.a(adc_nrfx_saadc.c.obj)
 .rodata.str1.1
                0x0000000000007e4a       0x20 zephyr/drivers/clock_control/libdrivers__clock_control.a(clock_control_nrf.c.obj)
 .rodata.str1.1
                0x0000000000007e6a        0x7 zephyr/drivers/gpio/libdrivers__gpio.a(gpio_nrfx.c.obj)
                                          0xe (size before relaxing)
 .rodata.k_sys_fatal_error_handler.str1.1
                0x0000000000007e71       0x11 modules/nrf/lib/fatal_error/lib..__nrf__lib__fatal_error.a(fatal_error.c.obj)
 .rodata.str1.1
                0x0000000000007e82        0xc modules/nrf/lib/fatal_error/lib..__nrf__lib__fatal_error.a(fatal_error.c.obj)
 .rodata.CSWTCH.14
                0x0000000000007e8e        0x6 modules/hal_nordic/nrfx/libmodules__hal_nordic__nrfx.a(system_nrf52840.c.obj)
 .rodata.CSWTCH.5
                0x0000000000007e94        0x6 modules/hal_nordic/nrfx/libmodules__hal_nordic__nrfx.a(system_nrf52840.c.obj)
 .rodata._DoInit.str1.1
                0x0000000000007e9a       0x14 modules/segger/libmodules__segger.a(SEGGER_RTT.c.obj)
 .rodata.z_fatal_error.str1.1
                0x0000000000007eae       0x77 zephyr/kernel/libkernel.a(fatal.c.obj)
 .rodata.str1.1
                0x0000000000007f25       0x4a zephyr/kernel/libkernel.a(fatal.c.obj)
 .rodata.z_cstart.str1.1
                0x0000000000007f6f        0x5 zephyr/kernel/libkernel.a(init.c.obj)
 .rodata.str1.1
                0x0000000000007f74        0x3 zephyr/kernel/libkernel.a(init.c.obj)
 .rodata.boot_banner.str1.1
                0x0000000000007f77       0x34 zephyr/kernel/libkernel.a(banner.c.obj)
                                         0x35 (size before relaxing)
 .rodata._ctype_
                0x0000000000007fab      0x101 /home/stan/ncs/toolchains/v2.0.0/opt/zephyr-sdk/arm-zephyr-eabi/arm-zephyr-eabi/lib/thumb/v7e-m/nofp/libc_nano.a(lib_a-ctype_.o)
                0x0000000000007fab                _ctype_
 *(SORT_BY_ALIGNMENT(.gnu.linkonce.r.*))
                0x00000000000080ac                . = ALIGN (0x4)

.gcc_except_table
 *(SORT_BY_ALIGNMENT(.gcc_except_table) SORT_BY_ALIGNMENT(.gcc_except_table.*))
                0x00000000000080ac                __rodata_region_end = .
                0x00000000000080c0                . = ALIGN (_region_min_align)
                0x0000000000010000                . = ALIGN ((0x1 << ((__rodata_region_end - __rom_region_start) <= 0x4)?0x2:((__rodata_region_end - __rom_region_start) <= 0x8)?0x3:((__rodata_region_end - __rom_region_start) <= 0x10)?0x4:((__rodata_region_end - __rom_region_start) <= 0x20)?0x5:((__rodata_region_end - __rom_region_start) <= 0x40)?0x6:((__rodata_region_end - __rom_region_start) <= 0x80)?0x7:((__rodata_region_end - __rom_region_start) <= 0x100)?0x8:((__rodata_region_end - __rom_region_start) <= 0x200)?0x9:((__rodata_region_end - __rom_region_start) <= 0x400)?0xa:((__rodata_region_end - __rom_region_start) <= 0x800)?0xb:((__rodata_region_end - __rom_region_start) <= 0x1000)?0xc:((__rodata_region_end - __rom_region_start) <= 0x2000)?0xd:((__rodata_region_end - __rom_region_start) <= 0x4000)?0xe:((__rodata_region_end - __rom_region_start) <= 0x8000)?0xf:((__rodata_region_end - __rom_region_start) <= 0x10000)?0x10:((__rodata_region_end - __rom_region_start) <= 0x20000)?0x11:((__rodata_region_end - __rom_region_start) <= 0x40000)?0x12:((__rodata_region_end - __rom_region_start) <= 0x80000)?0x13:((__rodata_region_end - __rom_region_start) <= 0x100000)?0x14:((__rodata_region_end - __rom_region_start) <= 0x200000)?0x15:((__rodata_region_end - __rom_region_start) <= 0x400000)?0x16:((__rodata_region_end - __rom_region_start) <= 0x800000)?0x17:((__rodata_region_end - __rom_region_start) <= 0x1000000)?0x18:((__rodata_region_end - __rom_region_start) <= 0x2000000)?0x19:((__rodata_region_end - __rom_region_start) <= 0x4000000)?0x1a:((__rodata_region_end - __rom_region_start) <= 0x8000000)?0x1b:((__rodata_region_end - __rom_region_start) <= 0x10000000)?0x1c:((__rodata_region_end - __rom_region_start) <= 0x20000000)?0x1d:((__rodata_region_end - __rom_region_start) <= 0x40000000)?0x1e:((__rodata_region_end - __rom_region_start) <= 0x80000000)?0x1f:0x20))
                0x0000000000010000                __rom_region_end = .
                0x0000000020000000                . = 0x20000000
                0x0000000020000000                . = ALIGN (_region_min_align)
                0x0000000020000000                _image_ram_start = .

.ramfunc        0x0000000020000000        0x0 load address 0x00000000000080ac
                0x0000000020000000                . = ALIGN (_region_min_align)
                0x0000000020000000                . = ALIGN ((0x1 << (__ramfunc_size <= 0x4)?0x2:(__ramfunc_size <= 0x8)?0x3:(__ramfunc_size <= 0x10)?0x4:(__ramfunc_size <= 0x20)?0x5:(__ramfunc_size <= 0x40)?0x6:(__ramfunc_size <= 0x80)?0x7:(__ramfunc_size <= 0x100)?0x8:(__ramfunc_size <= 0x200)?0x9:(__ramfunc_size <= 0x400)?0xa:(__ramfunc_size <= 0x800)?0xb:(__ramfunc_size <= 0x1000)?0xc:(__ramfunc_size <= 0x2000)?0xd:(__ramfunc_size <= 0x4000)?0xe:(__ramfunc_size <= 0x8000)?0xf:(__ramfunc_size <= 0x10000)?0x10:(__ramfunc_size <= 0x20000)?0x11:(__ramfunc_size <= 0x40000)?0x12:(__ramfunc_size <= 0x80000)?0x13:(__ramfunc_size <= 0x100000)?0x14:(__ramfunc_size <= 0x200000)?0x15:(__ramfunc_size <= 0x400000)?0x16:(__ramfunc_size <= 0x800000)?0x17:(__ramfunc_size <= 0x1000000)?0x18:(__ramfunc_size <= 0x2000000)?0x19:(__ramfunc_size <= 0x4000000)?0x1a:(__ramfunc_size <= 0x8000000)?0x1b:(__ramfunc_size <= 0x10000000)?0x1c:(__ramfunc_size <= 0x20000000)?0x1d:(__ramfunc_size <= 0x40000000)?0x1e:(__ramfunc_size <= 0x80000000)?0x1f:0x20))
                0x0000000020000000                __ramfunc_start = .
 *(SORT_BY_ALIGNMENT(.ramfunc))
 *(SORT_BY_ALIGNMENT(.ramfunc.*))